Component: ARM Compiler 5.06 update 3 (build 300) Tool: armlink [4d35c9]

==============================================================================

Section Cross References

    netconf.o(i.LwIP_DHCP_task) refers to dhcp.o(i.dhcp_start) for dhcp_start
    netconf.o(i.LwIP_DHCP_task) refers to printfa.o(i.__0printf) for __2printf
    netconf.o(i.LwIP_DHCP_task) refers to dhcp.o(i.dhcp_stop) for dhcp_stop
    netconf.o(i.LwIP_DHCP_task) refers to os_sem.o(i.OSSemPost) for OSSemPost
    netconf.o(i.LwIP_DHCP_task) refers to netif.o(i.netif_set_addr) for netif_set_addr
    netconf.o(i.LwIP_DHCP_task) refers to os_time.o(i.OSTimeDlyHMSM) for OSTimeDlyHMSM
    netconf.o(i.LwIP_DHCP_task) refers to netconf.o(.data) for DHCP_state
    netconf.o(i.LwIP_DHCP_task) refers to netconf.o(.bss) for gnetif
    netconf.o(i.LwIP_DHCP_task) refers to server.o(.bss) for semNetworkState
    netconf.o(i.LwIP_Init) refers to tcpip.o(i.tcpip_init) for tcpip_init
    netconf.o(i.LwIP_Init) refers to netif.o(i.netif_add) for netif_add
    netconf.o(i.LwIP_Init) refers to netif.o(i.netif_set_default) for netif_set_default
    netconf.o(i.LwIP_Init) refers to netif.o(i.netif_set_up) for netif_set_up
    netconf.o(i.LwIP_Init) refers to netif.o(i.netif_set_down) for netif_set_down
    netconf.o(i.LwIP_Init) refers to printfa.o(i.__0printf) for __2printf
    netconf.o(i.LwIP_Init) refers to netif.o(i.netif_set_link_callback) for netif_set_link_callback
    netconf.o(i.LwIP_Init) refers to tcpip.o(i.tcpip_input) for tcpip_input
    netconf.o(i.LwIP_Init) refers to ethernetif.o(i.ethernetif_init) for ethernetif_init
    netconf.o(i.LwIP_Init) refers to netconf.o(.bss) for gnetif
    netconf.o(i.LwIP_Init) refers to stm32f429_phy.o(.data) for EthStatus
    netconf.o(i.LwIP_Init) refers to netconf.o(.data) for DHCP_state
    netconf.o(i.LwIP_Init) refers to stm32f429_phy.o(i.ETH_link_callback) for ETH_link_callback
    netconf.o(i.getIPAddress) refers to netconf.o(.data) for IPaddress
    main.o(i.AppTaskObj0) refers to udp.o(i.udp_new) for udp_new
    main.o(i.AppTaskObj0) refers to udp.o(i.udp_connect) for udp_connect
    main.o(i.AppTaskObj0) refers to printfa.o(i.__0printf) for __2printf
    main.o(i.AppTaskObj0) refers to udp.o(i.udp_bind) for udp_bind
    main.o(i.AppTaskObj0) refers to udp.o(i.udp_recv) for udp_recv
    main.o(i.AppTaskObj0) refers to os_time.o(i.OSTimeDlyHMSM) for OSTimeDlyHMSM
    main.o(i.AppTaskObj0) refers to main.o(i.udp_recCall) for udp_recCall
    main.o(i.AppTaskStart) refers to cpu_core.o(i.CPU_Init) for CPU_Init
    main.o(i.AppTaskStart) refers to bsp.o(i.BSP_Init) for BSP_Init
    main.o(i.AppTaskStart) refers to os_stat.o(i.OSStatTaskCPUUsageInit) for OSStatTaskCPUUsageInit
    main.o(i.AppTaskStart) refers to cpu_core.o(i.CPU_IntDisMeasMaxCurReset) for CPU_IntDisMeasMaxCurReset
    main.o(i.AppTaskStart) refers to printfa.o(i.__0printf) for __2printf
    main.o(i.AppTaskStart) refers to app.o(i.initApp) for initApp
    main.o(i.AppTaskStart) refers to os_time.o(i.OSTimeDlyHMSM) for OSTimeDlyHMSM
    main.o(i.main) refers to lib_mem.o(i.Mem_Init) for Mem_Init
    main.o(i.main) refers to lib_math.o(i.Math_Init) for Math_Init
    main.o(i.main) refers to cpu_core.o(i.CPU_NameSet) for CPU_NameSet
    main.o(i.main) refers to bsp.o(i.BSP_IntDisAll) for BSP_IntDisAll
    main.o(i.main) refers to os_core.o(i.OSInit) for OSInit
    main.o(i.main) refers to os_app_hooks.o(i.App_OS_SetAllHooks) for App_OS_SetAllHooks
    main.o(i.main) refers to os_task.o(i.OSTaskCreate) for OSTaskCreate
    main.o(i.main) refers to os_core.o(i.OSStart) for OSStart
    main.o(i.main) refers to main.o(.bss) for AppTaskStartStk
    main.o(i.main) refers to main.o(i.AppTaskStart) for AppTaskStart
    main.o(i.udp_recCall) refers to printfa.o(i.__0printf) for __2printf
    stm32f4xx_it.o(i.HardFault_Handler) refers to printfa.o(i.__0printf) for __2printf
    artnet.o(i.artNetCB) refers to artcontrol.o(i.addArtDevice) for addArtDevice
    artnet.o(i.artNetCB) refers to artcontrol.o(i.searchDeviceReply) for searchDeviceReply
    artnet.o(i.artNetCB) refers to artnet.o(i.runArtNetStatus) for runArtNetStatus
    artnet.o(i.artNetCB) refers to pbuf.o(i.pbuf_free) for pbuf_free
    artnet.o(i.initArtNet) refers to artdmx.o(i.initArtDmx) for initArtDmx
    artnet.o(i.initArtNet) refers to dmxout.o(i.initArtNetConfig) for initArtNetConfig
    artnet.o(i.initArtNet) refers to model.o(i.initModel) for initModel
    artnet.o(i.initArtNet) refers to keyboard.o(i.initKeyBoard) for initKeyBoard
    artnet.o(i.initArtNet) refers to printfa.o(i.__0printf) for __2printf
    artnet.o(i.initArtNet) refers to os_task.o(i.OSTaskCreate) for OSTaskCreate
    artnet.o(i.initArtNet) refers to artmem.o(.constdata) for memFunc
    artnet.o(i.initArtNet) refers to artnet.o(.ARM.__AT_0xD0000000) for artMemPool
    artnet.o(i.initArtNet) refers to artnet.o(.data) for artMemHandle
[...]
    0x08002420   0x00000046   Code   RO         7107    i.GPIO_PinAFConfig  stm32f4xx_gpio.o
    0x08002466   0x00000004   Code   RO         7113    i.GPIO_ResetBits    stm32f4xx_gpio.o
    0x0800246a   0x00000004   Code   RO         7114    i.GPIO_SetBits      stm32f4xx_gpio.o
    0x0800246e   0x000000d8   Code   RO         2830    i.GetNodeData_0     dmxout.o
    0x08002546   0x00000314   Code   RO         2834    i.GetNodeData_31    dmxout.o
    0x0800285a   0x0000022e   Code   RO         2835    i.GetNodeData_4     dmxout.o
    0x08002a88   0x0000002c   Code   RO          472    i.HardFault_Handler  stm32f4xx_it.o
    0x08002ab4   0x00000018   Code   RO         7394    i.I2C_AcknowledgeConfig  stm32f4xx_i2c.o
    0x08002acc   0x0000002a   Code   RO         7397    i.I2C_CheckEvent    stm32f4xx_i2c.o
    0x08002af6   0x00000018   Code   RO         7400    i.I2C_Cmd           stm32f4xx_i2c.o
    0x08002b0e   0x00000002   PAD
    0x08002b10   0x00000064   Code   RO         2214    i.I2C_GPIO_Config   bsp_wm8978.o
    0x08002b74   0x00000018   Code   RO         7408    i.I2C_GenerateSTART  stm32f4xx_i2c.o
    0x08002b8c   0x00000018   Code   RO         7409    i.I2C_GenerateSTOP  stm32f4xx_i2c.o
    0x08002ba4   0x0000003a   Code   RO         7410    i.I2C_GetFlagStatus  stm32f4xx_i2c.o
    0x08002bde   0x00000002   PAD
    0x08002be0   0x000000e8   Code   RO         7415    i.I2C_Init          stm32f4xx_i2c.o
    0x08002cc8   0x0000004c   Code   RO         2215    i.I2C_Mode_Configu  bsp_wm8978.o
    0x08002d14   0x00000010   Code   RO         7422    i.I2C_Send7bitAddress  stm32f4xx_i2c.o
    0x08002d24   0x00000004   Code   RO         7423    i.I2C_SendData      stm32f4xx_i2c.o
    0x08002d28   0x00000018   Code   RO         9169    i.I2S_Cmd           stm32f4xx_spi.o
    0x08002d40   0x00000050   Code   RO         9170    i.I2S_FullDuplexConfig  stm32f4xx_spi.o
    0x08002d90   0x000000a4   Code   RO         2216    i.I2S_GPIO_Config   bsp_wm8978.o
    0x08002e34   0x00000198   Code   RO         9171    i.I2S_Init          stm32f4xx_spi.o
    0x08002fcc   0x00000010   Code   RO         2217    i.I2S_Play_Start    bsp_wm8978.o
    0x08002fdc   0x00000010   Code   RO         2218    i.I2S_Play_Stop     bsp_wm8978.o
    0x08002fec   0x0000001c   Code   RO         2219    i.I2S_Stop          bsp_wm8978.o
    0x08003008   0x0000007c   Code   RO         2220    i.I2Sx_Mode_Config  bsp_wm8978.o
    0x08003084   0x000000c8   Code   RO         2221    i.I2Sx_TX_DMA_Init  bsp_wm8978.o
    0x0800314c   0x0000003c   Code   RO         2222    i.I2Sxext_Mode_Config  bsp_wm8978.o
    0x08003188   0x000000cc   Code   RO         2223    i.I2Sxext_RX_DMA_Init  bsp_wm8978.o
    0x08003254   0x00000010   Code   RO         2224    i.I2Sxext_Recorde_Start  bsp_wm8978.o
    0x08003264   0x00000010   Code   RO         2225    i.I2Sxext_Recorde_Stop  bsp_wm8978.o
    0x08003274   0x00000034   Code   RO          868    i.Key_GPIO_Config   bsp_key.o
    0x080032a8   0x00000070   Code   RO          901    i.LED_GPIO_Config   bsp_led.o
    0x08003318   0x00000264   Code   RO            4    i.LwIP_DHCP_task    netconf.o
    0x0800357c   0x000000c4   Code   RO            5    i.LwIP_Init         netconf.o
    0x08003640   0x0000000a   Code   RO        10546    i.Math_Init         lib_math.o
    0x0800364a   0x00000002   PAD
    0x0800364c   0x00000034   Code   RO        10549    i.Math_RandSetSeed  lib_math.o
    0x08003680   0x00000004   Code   RO          473    i.MemManage_Handler  stm32f4xx_it.o
    0x08003684   0x00000012   Code   RO        10582    i.Mem_Clr           lib_mem.o
    0x08003696   0x00000002   PAD
    0x08003698   0x00000048   Code   RO        10592    i.Mem_Init          lib_mem.o
    0x080036e0   0x00000052   Code   RO        10605    i.Mem_SegCreate     lib_mem.o
    0x08003732   0x00000002   PAD
    0x08003734   0x00000020   Code   RO        10606    i.Mem_SegCreateCritical  lib_mem.o
    0x08003754   0x00000054   Code   RO        10609    i.Mem_Set           lib_mem.o
    0x080037a8   0x00000050   Code   RO         2423    i.MusicPlayer_I2S_DMA_TX_Callback  bsp_sound.o
    0x080037f8   0x00000002   Code   RO          474    i.NMI_Handler       stm32f4xx_it.o
    0x080037fa   0x00000026   Code   RO          929    i.NVIC_Configuration  bsp_debug_usart.o
    0x08003820   0x00000078   Code   RO         5228    i.NVIC_Init         misc.o
    0x08003898   0x00000014   Code   RO         5229    i.NVIC_PriorityGroupConfig  misc.o
    0x080038ac   0x00000002   Code   RO        10914    i.OSCfg_Init        os_cfg_app.o
    0x080038ae   0x00000002   Code   RO        12061    i.OSIdleTaskHook    os_cpu_c.o
    0x080038b0   0x0000013c   Code   RO        10934    i.OSInit            os_core.o
    0x080039ec   0x00000028   Code   RO        12062    i.OSInitHook        os_cpu_c.o
    0x08003a14   0x0000002c   Code   RO        10935    i.OSIntEnter        os_core.o
    0x08003a40   0x000000dc   Code   RO        10936    i.OSIntExit         os_core.o
    0x08003b1c   0x000000e0   Code   RO        11291    i.OSMemCreate       os_mem.o
    0x08003bfc   0x00000064   Code   RO        11292    i.OSMemGet          os_mem.o
    0x08003c60   0x000000b0   Code   RO        11363    i.OSMutexCreate     os_mutex.o
    0x08003d10   0x0000022c   Code   RO        11365    i.OSMutexPend       os_mutex.o
    0x08003f3c   0x00000274   Code   RO        11367    i.OSMutexPost       os_mutex.o
    0x080041b0   0x000000b0   Code   RO        11514    i.OSQCreate         os_q.o
    0x08004260   0x000001e0   Code   RO        11517    i.OSQPend           os_q.o
    0x08004440   0x00000064   Code   RO        11519    i.OSQPost           os_q.o
    0x080044a4   0x000000a4   Code   RO        10937    i.OSSched           os_core.o
    0x08004548   0x00000064   Code   RO        10938    i.OSSchedLock       os_core.o
    0x080045ac   0x00000088   Code   RO        10941    i.OSSchedUnlock     os_core.o
    0x08004634   0x000000ac   Code   RO        11586    i.OSSemCreate       os_sem.o
    0x080046e0   0x000001c8   Code   RO        11588    i.OSSemPend         os_sem.o
    0x080048a8   0x00000064   Code   RO        11590    i.OSSemPost         os_sem.o
    0x0800490c   0x00000068   Code   RO        10942    i.OSStart           os_core.o
    0x08004974   0x00000158   Code   RO        11658    i.OSStatReset       os_stat.o
    0x08004acc   0x00000100   Code   RO        11659    i.OSStatTaskCPUUsageInit  os_stat.o
    0x08004bcc   0x00000002   Code   RO        12063    i.OSStatTaskHook    os_cpu_c.o
    0x08004bce   0x00000002   PAD
    0x08004bd0   0x00000214   Code   RO        11689    i.OSTaskCreate      os_task.o
    0x08004de4   0x00000002   Code   RO        12064    i.OSTaskCreateHook  os_cpu_c.o
    0x08004de6   0x00000002   PAD
    0x08004de8   0x00000250   Code   RO        11690    i.OSTaskDel         os_task.o
    0x08005038   0x00000002   Code   RO        12065    i.OSTaskDelHook     os_cpu_c.o
    0x0800503a   0x00000002   PAD
    0x0800503c   0x00000060   Code   RO        11698    i.OSTaskResume      os_task.o
    0x0800509c   0x00000002   Code   RO        12066    i.OSTaskReturnHook  os_cpu_c.o
    0x0800509e   0x00000002   PAD
    0x080050a0   0x00000208   Code   RO        11699    i.OSTaskSemPend     os_task.o
    0x080052a8   0x000000bc   Code   RO        11703    i.OSTaskStkChk      os_task.o
    0x08005364   0x000000c4   Code   RO        12067    i.OSTaskStkInit     os_cpu_c.o
    0x08005428   0x00000060   Code   RO        11704    i.OSTaskSuspend     os_task.o
    0x08005488   0x0000006c   Code   RO        12068    i.OSTaskSwHook      os_cpu_c.o
    0x080054f4   0x00000110   Code   RO        11908    i.OSTimeDly         os_time.o
    0x08005604   0x00000174   Code   RO        11909    i.OSTimeDlyHMSM     os_time.o
    0x08005778   0x00000044   Code   RO        11913    i.OSTimeTick        os_time.o
    0x080057bc   0x00000002   Code   RO        12069    i.OSTimeTickHook    os_cpu_c.o
    0x080057be   0x00000002   PAD
    0x080057c0   0x00000040   Code   RO        12070    i.OS_CPU_SysTickHandler  os_cpu_c.o
    0x08005800   0x00000030   Code   RO        12071    i.OS_CPU_SysTickInit  os_cpu_c.o
    0x08005830   0x000001ac   Code   RO        11162    i.OS_Dbg_Init       os_dbg.o
    0x080059dc   0x00000018   Code   RO        11187    i.OS_FlagInit       os_flag.o
    0x080059f4   0x00000260   Code   RO        11188    i.OS_FlagPost       os_flag.o
    0x08005c54   0x00000064   Code   RO        11189    i.OS_FlagTaskRdy    os_flag.o
    0x08005cb8   0x0000004c   Code   RO        10944    i.OS_IdleTask       os_core.o
    0x08005d04   0x00000070   Code   RO        10945    i.OS_IdleTaskInit   os_core.o
    0x08005d74   0x00000104   Code   RO        11261    i.OS_IntQPost       os_int.o
    0x08005e78   0x000001a4   Code   RO        11262    i.OS_IntQRePost     os_int.o
    0x0800601c   0x000000c4   Code   RO        11263    i.OS_IntQTask       os_int.o
    0x080060e0   0x00000128   Code   RO        11264    i.OS_IntQTaskInit   os_int.o
    0x08006208   0x00000028   Code   RO        11294    i.OS_MemDbgListAdd  os_mem.o
    0x08006230   0x00000018   Code   RO        11295    i.OS_MemInit        os_mem.o
    0x08006248   0x0000005c   Code   RO        11327    i.OS_MsgPoolInit    os_msg.o
    0x080062a4   0x00000044   Code   RO        11328    i.OS_MsgQFreeAll    os_msg.o
    0x080062e8   0x00000068   Code   RO        11329    i.OS_MsgQGet        os_msg.o
    0x08006350   0x0000000e   Code   RO        11330    i.OS_MsgQInit       os_msg.o
    0x0800635e   0x00000002   PAD
    0x08006360   0x00000104   Code   RO        11331    i.OS_MsgQPut        os_msg.o
    0x08006464   0x00000030   Code   RO        11369    i.OS_MutexDbgListAdd  os_mutex.o
    0x08006494   0x00000008   Code   RO        11371    i.OS_MutexGrpAdd    os_mutex.o
    0x0800649c   0x00000060   Code   RO        11372    i.OS_MutexGrpPostAll  os_mutex.o
    0x080064fc   0x0000002c   Code   RO        11373    i.OS_MutexGrpPrioFindHighest  os_mutex.o
    0x08006528   0x0000001c   Code   RO        11374    i.OS_MutexGrpRemove  os_mutex.o
    0x08006544   0x00000018   Code   RO        11375    i.OS_MutexInit      os_mutex.o
    0x0800655c   0x00000068   Code   RO        10946    i.OS_Pend           os_core.o
    0x080065c4   0x00000028   Code   RO        10949    i.OS_PendDataInit   os_core.o
    0x080065ec   0x0000005c   Code   RO        10950    i.OS_PendDbgNameAdd  os_core.o
    0x08006648   0x00000024   Code   RO        10951    i.OS_PendDbgNameRemove  os_core.o
    0x0800666c   0x0000003a   Code   RO        10952    i.OS_PendListChangePrio  os_core.o
    0x080066a6   0x0000000a   Code   RO        10953    i.OS_PendListInit   os_core.o
    0x080066b0   0x00000066   Code   RO        10955    i.OS_PendListInsertPrio  os_core.o
    0x08006716   0x00000034   Code   RO        10956    i.OS_PendListRemove  os_core.o
    0x0800674a   0x00000042   Code   RO        10957    i.OS_PendListRemove1  os_core.o
    0x0800678c   0x000000d6   Code   RO        10960    i.OS_Post           os_core.o
    0x08006862   0x0000002c   Code   RO        10961    i.OS_Post1          os_core.o
    0x0800688e   0x00000002   PAD
    0x08006890   0x00000028   Code   RO        11477    i.OS_PrioGetHighest  os_prio.o
    0x080068b8   0x00000018   Code   RO        11478    i.OS_PrioInit       os_prio.o
    0x080068d0   0x00000024   Code   RO        11479    i.OS_PrioInsert     os_prio.o
    0x080068f4   0x00000024   Code   RO        11480    i.OS_PrioRemove     os_prio.o
    0x08006918   0x00000030   Code   RO        11521    i.OS_QDbgListAdd    os_q.o
    0x08006948   0x00000018   Code   RO        11523    i.OS_QInit          os_q.o
    0x08006960   0x0000016c   Code   RO        11524    i.OS_QPost          os_q.o
    0x08006acc   0x00000024   Code   RO        10962    i.OS_RdyListInit    os_core.o
    0x08006af0   0x0000002c   Code   RO        10963    i.OS_RdyListInsert  os_core.o
    0x08006b1c   0x00000040   Code   RO        10964    i.OS_RdyListInsertHead  os_core.o
    0x08006b5c   0x0000003c   Code   RO        10965    i.OS_RdyListInsertTail  os_core.o
    0x08006b98   0x00000044   Code   RO        10966    i.OS_RdyListMoveHeadToTail  os_core.o
    0x08006bdc   0x0000005c   Code   RO        10967    i.OS_RdyListRemove  os_core.o
    0x08006c38   0x00000054   Code   RO        10968    i.OS_Sched0         os_core.o
    0x08006c8c   0x000000ec   Code   RO        10969    i.OS_SchedRoundRobin  os_core.o
    0x08006d78   0x00000030   Code   RO        11593    i.OS_SemDbgListAdd  os_sem.o
    0x08006da8   0x00000018   Code   RO        11595    i.OS_SemInit        os_sem.o
    0x08006dc0   0x00000184   Code   RO        11596    i.OS_SemPost        os_sem.o
    0x08006f44   0x000003a4   Code   RO        11660    i.OS_StatTask       os_stat.o
    0x080072e8   0x000000cc   Code   RO        11661    i.OS_StatTaskInit   os_stat.o
    0x080073b4   0x0000002c   Code   RO        10970    i.OS_TaskBlock      os_core.o
    0x080073e0   0x000000ec   Code   RO        11706    i.OS_TaskChangePrio  os_task.o
    0x080074cc   0x00000030   Code   RO        11707    i.OS_TaskDbgListAdd  os_task.o
    0x080074fc   0x00000044   Code   RO        11708    i.OS_TaskDbgListRemove  os_task.o
    0x08007540   0x00000020   Code   RO        11709    i.OS_TaskInit       os_task.o
    0x08007560   0x000000cc   Code   RO        11710    i.OS_TaskInitTCB    os_task.o
    0x0800762c   0x00000248   Code   RO        11711    i.OS_TaskQPost      os_task.o
    0x08007874   0x00000164   Code   RO        11712    i.OS_TaskResume     os_task.o
    0x080079d8   0x00000018   Code   RO        11713    i.OS_TaskReturn     os_task.o
    0x080079f0   0x0000056c   Code   RO        11714    i.OS_TaskSemPost    os_task.o
    0x08007f5c   0x0000017c   Code   RO        11715    i.OS_TaskSuspend    os_task.o
    0x080080d8   0x00000086   Code   RO        11862    i.OS_TickListInsert  os_tick.o
    0x0800815e   0x00000002   PAD
    0x08008160   0x000000bc   Code   RO        11863    i.OS_TickListInsertDly  os_tick.o
    0x0800821c   0x00000058   Code   RO        11864    i.OS_TickListRemove  os_tick.o
    0x08008274   0x00000120   Code   RO        11865    i.OS_TickListUpdateDly  os_tick.o
    0x08008394   0x0000019c   Code   RO        11866    i.OS_TickListUpdateTimeout  os_tick.o
    0x08008530   0x000000ec   Code   RO        11867    i.OS_TickTask       os_tick.o
    0x0800861c   0x000000c8   Code   RO        11868    i.OS_TickTaskInit   os_tick.o
    0x080086e4   0x00000134   Code   RO        11960    i.OS_TmrInit        os_tmr.o
    0x08008818   0x00000018   Code   RO        11961    i.OS_TmrLock        os_tmr.o
    0x08008830   0x00000094   Code   RO        11962    i.OS_TmrTask        os_tmr.o
    0x080088c4   0x00000044   Code   RO        11963    i.OS_TmrUnlink      os_tmr.o
    0x08008908   0x00000014   Code   RO        11964    i.OS_TmrUnlock      os_tmr.o
    0x0800891c   0x00000020   Code   RO         8020    i.RCC_AHB1PeriphClockCmd  stm32f4xx_rcc.o
    0x0800893c   0x00000020   Code   RO         8022    i.RCC_AHB1PeriphResetCmd  stm32f4xx_rcc.o
    0x0800895c   0x00000020   Code   RO         8026    i.RCC_AHB3PeriphClockCmd  stm32f4xx_rcc.o
    0x0800897c   0x00000020   Code   RO         8029    i.RCC_APB1PeriphClockCmd  stm32f4xx_rcc.o
    0x0800899c   0x00000020   Code   RO         8031    i.RCC_APB1PeriphResetCmd  stm32f4xx_rcc.o
    0x080089bc   0x00000020   Code   RO         8032    i.RCC_APB2PeriphClockCmd  stm32f4xx_rcc.o
    0x080089dc   0x00000020   Code   RO         8034    i.RCC_APB2PeriphResetCmd  stm32f4xx_rcc.o
    0x080089fc   0x000000e8   Code   RO         8041    i.RCC_GetClocksFreq  stm32f4xx_rcc.o
    0x08008ae4   0x00000040   Code   RO         8042    i.RCC_GetFlagStatus  stm32f4xx_rcc.o
    0x08008b24   0x0000000c   Code   RO         8048    i.RCC_I2SCLKConfig  stm32f4xx_rcc.o
    0x08008b30   0x0000000c   Code   RO         8060    i.RCC_PLLI2SCmd     stm32f4xx_rcc.o
    0x08008b3c   0x00000054   Code   RO         2424    i.Recorder_I2S_DMA_RX_Callback  bsp_sound.o
    0x08008b90   0x0000000c   Code   RO         8952    i.SDIO_ClearITPendingBit  stm32f4xx_sdio.o
    0x08008b9c   0x00000018   Code   RO         8964    i.SDIO_GetITStatus  stm32f4xx_sdio.o
    0x08008bb4   0x00000008   Code   RO         1720    i.SDIO_IRQHandler   bsp_sdio_sd.o
    0x08008bbc   0x00000020   Code   RO         8967    i.SDIO_ITConfig     stm32f4xx_sdio.o
    0x08008bdc   0x000003a4   Code   RO         2155    i.SDRAM_GPIO_Config  bsp_sdram.o
    0x08008f80   0x00000064   Code   RO         2156    i.SDRAM_Init        bsp_sdram.o
    0x08008fe4   0x000000b0   Code   RO         2157    i.SDRAM_InitSequence  bsp_sdram.o
    0x08009094   0x00000024   Code   RO         2161    i.SDRAM_delay       bsp_sdram.o
    0x080090b8   0x00000028   Code   RO         1739    i.SD_ProcessDMAIRQ  bsp_sdio_sd.o
    0x080090e0   0x000000ac   Code   RO         1740    i.SD_ProcessIRQSrc  bsp_sdio_sd.o
    0x0800918c   0x00000012   Code   RO         9181    i.SPI_I2S_DMACmd    stm32f4xx_spi.o
    0x0800919e   0x00000002   PAD
    0x080091a0   0x000000b0   Code   RO         9182    i.SPI_I2S_DeInit    stm32f4xx_spi.o
    0x08009250   0x00000002   Code   RO          476    i.SVC_Handler       stm32f4xx_it.o
    0x08009252   0x00000002   PAD
    0x08009254   0x0000000c   Code   RO         9339    i.SYSCFG_ETH_MediaInterfaceConfig  stm32f4xx_syscfg.o
    0x08009260   0x00000120   Code   RO         5187    i.SetSysClock       system_stm32f4xx.o
    0x08009380   0x000000f4   Code   RO         2425    i.StartRecord       bsp_sound.o
    0x08009474   0x00000046   Code   RO        10774    i.Str_Copy_N        lib_str.o
    0x080094ba   0x0000001c   Code   RO        10779    i.Str_Len_N         lib_str.o
    0x080094d6   0x00000002   PAD
    0x080094d8   0x0000005c   Code   RO         5189    i.SystemInit        system_stm32f4xx.o
    0x08009534   0x00000038   Code   RO         2089    i.TIM2_IRQHandler   hal_time.o
    0x0800956c   0x00000030   Code   RO         1978    i.TIM5_IRQHandler   bsp_time.o
    0x0800959c   0x00000006   Code   RO         9407    i.TIM_ClearFlag     stm32f4xx_tim.o
    0x080095a2   0x00000012   Code   RO         9438    i.TIM_ITConfig      stm32f4xx_tim.o
    0x080095b4   0x00000084   Code   RO         9485    i.TIM_TimeBaseInit  stm32f4xx_tim.o
    0x08009638   0x00000024   Code   RO          930    i.USART1_IRQHandler  bsp_debug_usart.o
    0x0800965c   0x00000012   Code   RO         9963    i.USART_ClearFlag   stm32f4xx_usart.o
    0x0800966e   0x00000018   Code   RO         9967    i.USART_Cmd         stm32f4xx_usart.o
    0x08009686   0x0000001a   Code   RO         9970    i.USART_GetFlagStatus  stm32f4xx_usart.o
    0x080096a0   0x0000004a   Code   RO         9973    i.USART_ITConfig    stm32f4xx_usart.o
    0x080096ea   0x00000002   PAD
    0x080096ec   0x000000d4   Code   RO         9974    i.USART_Init        stm32f4xx_usart.o
    0x080097c0   0x00000008   Code   RO         9984    i.USART_SendData    stm32f4xx_usart.o
    0x080097c8   0x00000004   Code   RO          477    i.UsageFault_Handler  stm32f4xx_it.o
    0x080097cc   0x00000020   Code   RO         2226    i.WM8978_I2C_TIMEOUT_UserCallback  bsp_wm8978.o
    0x080097ec   0x000000f4   Code   RO         2227    i.WM8978_I2C_WriteRegister  bsp_wm8978.o
    0x080098e0   0x00000020   Code   RO        15131    i.__0printf         mc_w.l(printfa.o)
    0x08009900   0x00000028   Code   RO        15294    i.__ARM_fpclassify  m_ws.l(fpclassify.o)
    0x08009928   0x0000001c   Code   RO         4582    i.__free            timerserver.o
    0x08009944   0x00000388   Code   RO        15238    i.__ieee754_rem_pio2  m_ws.l(rred.o)
    0x08009ccc   0x000000fc   Code   RO        15221    i.__kernel_cos      m_ws.l(cos_i.o)
    0x08009dc8   0x000000aa   Code   RO        15296    i.__kernel_poly     m_ws.l(poly.o)
    0x08009e72   0x00000002   PAD
    0x08009e74   0x000000ec   Code   RO        15243    i.__kernel_sin      m_ws.l(sin_i.o)
    0x08009f60   0x0000001c   Code   RO         4583    i.__malloc          timerserver.o
    0x08009f7c   0x00000006   Code   RO        15225    i.__mathlib_dbl_infnan  m_ws.l(dunder.o)
    0x08009f82   0x0000000c   Code   RO        15227    i.__mathlib_dbl_invalid  m_ws.l(dunder.o)
    0x08009f8e   0x00000002   PAD
    0x08009f90   0x00000010   Code   RO        15230    i.__mathlib_dbl_underflow  m_ws.l(dunder.o)
    0x08009fa0   0x0000000e   Code   RO        15304    i.__scatterload_copy  mc_w.l(handlers.o)
    0x08009fae   0x00000002   Code   RO        15305    i.__scatterload_null  mc_w.l(handlers.o)
    0x08009fb0   0x0000000e   Code   RO        15306    i.__scatterload_zeroinit  mc_w.l(handlers.o)
    0x08009fbe   0x00000002   PAD
    0x08009fc0   0x0000000c   Code   RO        15276    i.__set_errno       mc_w.l(errno.o)
    0x08009fcc   0x00000184   Code   RO        15138    i._fp_digits        mc_w.l(printfa.o)
    0x0800a150   0x000006dc   Code   RO        15139    i._printf_core      mc_w.l(printfa.o)
    0x0800a82c   0x00000024   Code   RO        15140    i._printf_post_padding  mc_w.l(printfa.o)
    0x0800a850   0x0000002e   Code   RO        15141    i._printf_pre_padding  mc_w.l(printfa.o)
    0x0800a87e   0x00000002   PAD
    0x0800a880   0x00000070   Code   RO         2493    i.addArtDevice      artcontrol.o
    0x0800a8f0   0x00000070   Code   RO         2836    i.addPixelMember    dmxout.o
    0x0800a960   0x00000030   Code   RO         3065    i.addPoint          model.o
    0x0800a990   0x000000f2   Code   RO         2613    i.adjectArrayLight  display.o
    0x0800aa82   0x000000d2   Code   RO         2614    i.adjectLineLight   display.o
    0x0800ab54   0x00000028   Code   RO         4498    i.appendObject      ilist.o
    0x0800ab7c   0x00000048   Code   RO         4584    i.appendTimerServer  timerserver.o
    0x0800abc4   0x00000020   Code   RO        14377    i.arp_timer         timers.o
    0x0800abe4   0x0000001c   Code   RO        14663    i.arp_timer         ethernetif.o
    0x0800ac00   0x0000003a   Code   RO          546    i.artNetCB          artnet.o
    0x0800ac3a   0x00000002   PAD
    0x0800ac3c   0x00000054   Code   RO         1610    i.bsp_DelayUS       bsp.o
    0x0800ac90   0x00000032   Code   RO         2839    i.calculateArray_3  dmxout.o
    0x0800acc2   0x00000024   Code   RO         2840    i.calculateArray_4  dmxout.o
    0x0800ace6   0x00000002   PAD
    0x0800ace8   0x0000010c   Code   RO         3537    i.calculateColor    model_ktv_soft.o
    0x0800adf4   0x000000f8   Code   RO         3644    i.calculateColor    model_ktv_romatic.o
    0x0800aeec   0x000000fc   Code   RO         3807    i.calculateColor    model_ktv_dynamic.o
    0x0800afe8   0x0000024c   Code   RO         3961    i.calculateColor    model_techo_dubstep.o
    0x0800b234   0x0000024c   Code   RO         4055    i.calculateColor    model_techo_trance.o
    0x0800b480   0x00000268   Code   RO         4139    i.calculateColor    model_techo_electp.o
    0x0800b6e8   0x00000354   Code   RO         4243    i.calculateColor    model_techo_deephouse.o
    0x0800ba3c   0x00000194   Code   RO         3254    i.calculateDiamond  model_normal_romatic.o
    0x0800bbd0   0x00000090   Code   RO         4140    i.calculateDiamond  model_techo_electp.o
    0x0800bc60   0x00000184   Code   RO         4244    i.calculateDiamond  model_techo_deephouse.o
    0x0800bde4   0x0000034c   Code   RO         3538    i.calculateFloor    model_ktv_soft.o
    0x0800c130   0x000000be   Code   RO         3255    i.calculateParticle  model_normal_romatic.o
    0x0800c1ee   0x000000be   Code   RO         4141    i.calculateParticle  model_techo_electp.o
    0x0800c2ac   0x000000be   Code   RO         4245    i.calculateParticle  model_techo_deephouse.o
    0x0800c36a   0x00000098   Code   RO         3190    i.calculateScreen   model_normal_soft.o
    0x0800c402   0x00000002   PAD
    0x0800c404   0x000000f0   Code   RO         3962    i.calculateScreen   model_techo_dubstep.o
    0x0800c4f4   0x00000098   Code   RO         4056    i.calculateScreen   model_techo_trance.o
    0x0800c58c   0x00000098   Code   RO         4142    i.calculateScreen   model_techo_electp.o
    0x0800c624   0x00000098   Code   RO         4246    i.calculateScreen   model_techo_deephouse.o
    0x0800c6bc   0x00000038   Code   RO         3256    i.clearDiamond      model_normal_romatic.o
    0x0800c6f4   0x00000038   Code   RO         4143    i.clearDiamond      model_techo_electp.o
    0x0800c72c   0x00000038   Code   RO         4247    i.clearDiamond      model_techo_deephouse.o
    0x0800c764   0x00000040   Code   RO         3540    i.clearFloor        model_ktv_soft.o
    0x0800c7a4   0x0000004c   Code   RO         3257    i.clearFloorSrceen  model_normal_romatic.o
    0x0800c7f0   0x00000050   Code   RO         2618    i.clearLine         display.o
    0x0800c840   0x0000001a   Code   RO         2619    i.clearScreen       display.o
    0x0800c85a   0x00000002   PAD
    0x0800c85c   0x00000034   Code   RO         2620    i.clearScreenRGBW   display.o
    0x0800c890   0x00000038   Code   RO         2621    i.clearSrceenRGB    display.o
    0x0800c8c8   0x0000009c   Code   RO        14854    i.cos               m_ws.l(cos.o)
    0x0800c964   0x000001d0   Code   RO         2842    i.createArrayConfig  dmxout.o
    0x0800cb34   0x00000038   Code   RO         2556    i.createArtIpProg   artipprog.o
    0x0800cb6c   0x00000050   Code   RO         2595    i.createArtTodControl  artrdm.o
    0x0800cbbc   0x00000058   Code   RO         2596    i.createArtTodRequest  artrdm.o
    0x0800cc14   0x0000002a   Code   RO         4499    i.createHandle      ilist.o
    0x0800cc3e   0x00000002   PAD
    0x0800cc40   0x000000d8   Code   RO         2843    i.createLineConfig  dmxout.o
    0x0800cd18   0x0000001a   Code   RO         4500    i.createObject      ilist.o
    0x0800cd32   0x00000002   PAD
    0x0800cd34   0x00000030   Code   RO         2844    i.createPixelHead   dmxout.o
    0x0800cd64   0x00000050   Code   RO         4501    i.deleteObject      ilist.o
    0x0800cdb4   0x00000010   Code   RO         3108    i.destroy           model_normal.o
    0x0800cdc4   0x00000002   Code   RO         3191    i.destroy           model_normal_soft.o
    0x0800cdc6   0x00000002   Code   RO         3258    i.destroy           model_normal_romatic.o
    0x0800cdc8   0x00000002   Code   RO         3342    i.destroy           model_normal_breath.o
    0x0800cdca   0x00000002   Code   RO         3398    i.destroy           model_normal_heartbeat.o
    0x0800cdcc   0x00000010   Code   RO         3450    i.destroy           model_ktv.o
    0x0800cddc   0x00000002   Code   RO         3541    i.destroy           model_ktv_soft.o
    0x0800cdde   0x00000002   Code   RO         3645    i.destroy           model_ktv_romatic.o
    0x0800cde0   0x0000000a   Code   RO         3738    i.destroy           model_ktv_rythem.o
    0x0800cdea   0x0000000a   Code   RO         3808    i.destroy           model_ktv_dynamic.o
    0x0800cdf4   0x00000010   Code   RO         3877    i.destroy           model_techo.o
    0x0800ce04   0x0000000a   Code   RO         3963    i.destroy           model_techo_dubstep.o
    0x0800ce0e   0x0000000a   Code   RO         4057    i.destroy           model_techo_trance.o
    0x0800ce18   0x0000000a   Code   RO         4144    i.destroy           model_techo_electp.o
    0x0800ce22   0x0000000a   Code   RO         4248    i.destroy           model_techo_deephouse.o
    0x0800ce2c   0x000000b0   Code   RO        13281    i.dhcp_arp_reply    dhcp.o
    0x0800cedc   0x000001b4   Code   RO        13282    i.dhcp_bind         dhcp.o
    0x0800d090   0x00000046   Code   RO        13283    i.dhcp_check        dhcp.o
    0x0800d0d6   0x00000002   PAD
    0x0800d0d8   0x00000050   Code   RO        13285    i.dhcp_coarse_tmr   dhcp.o
    0x0800d128   0x00000314   Code   RO        13286    i.dhcp_create_msg   dhcp.o
    0x0800d43c   0x00000094   Code   RO        13287    i.dhcp_decline      dhcp.o
    0x0800d4d0   0x00000160   Code   RO        13288    i.dhcp_delete_msg   dhcp.o
    0x0800d630   0x000000e4   Code   RO        13289    i.dhcp_discover     dhcp.o
    0x0800d714   0x00000048   Code   RO        13290    i.dhcp_fine_tmr     dhcp.o
    0x0800d75c   0x00000078   Code   RO        13291    i.dhcp_handle_ack   dhcp.o
    0x0800d7d4   0x0000003c   Code   RO        13292    i.dhcp_handle_nak   dhcp.o
    0x0800d810   0x00000040   Code   RO        13293    i.dhcp_handle_offer  dhcp.o
    0x0800d850   0x000000a0   Code   RO        13296    i.dhcp_option       dhcp.o
    0x0800d8f0   0x000000c4   Code   RO        13297    i.dhcp_option_byte  dhcp.o
    0x0800d9b4   0x000000f8   Code   RO        13298    i.dhcp_option_long  dhcp.o
    0x0800daac   0x0000009c   Code   RO        13299    i.dhcp_option_short  dhcp.o
    0x0800db48   0x000001a0   Code   RO        13300    i.dhcp_option_trailer  dhcp.o
    0x0800dce8   0x00000560   Code   RO        13301    i.dhcp_parse_reply  dhcp.o
    0x0800e248   0x00000098   Code   RO        13302    i.dhcp_rebind       dhcp.o
    0x0800e2e0   0x000000b8   Code   RO        13303    i.dhcp_reboot       dhcp.o
    0x0800e398   0x000001b4   Code   RO        13304    i.dhcp_recv         dhcp.o
    0x0800e54c   0x000000b8   Code   RO        13305    i.dhcp_release      dhcp.o
    0x0800e604   0x00000096   Code   RO        13306    i.dhcp_renew        dhcp.o
    0x0800e69a   0x00000002   PAD
    0x0800e69c   0x00000104   Code   RO        13307    i.dhcp_select       dhcp.o
    0x0800e7a0   0x00000010   Code   RO        13308    i.dhcp_set_state    dhcp.o
    0x0800e7b0   0x000001f4   Code   RO        13310    i.dhcp_start        dhcp.o
    0x0800e9a4   0x0000011c   Code   RO        13311    i.dhcp_stop         dhcp.o
    0x0800eac0   0x00000028   Code   RO        13312    i.dhcp_t1_timeout   dhcp.o
    0x0800eae8   0x00000028   Code   RO        13313    i.dhcp_t2_timeout   dhcp.o
    0x0800eb10   0x000000c4   Code   RO        13314    i.dhcp_timeout      dhcp.o
    0x0800ebd4   0x00000020   Code   RO        14378    i.dhcp_timer_coarse  timers.o
    0x0800ebf4   0x00000020   Code   RO        14379    i.dhcp_timer_fine   timers.o
    0x0800ec14   0x00000060   Code   RO         3259    i.diamondDisplay    model_normal_romatic.o
    0x0800ec74   0x00000054   Code   RO         3542    i.dispDiamond       model_ktv_soft.o
    0x0800ecc8   0x00000030   Code   RO         3543    i.dispFloor         model_ktv_soft.o
    0x0800ecf8   0x000004c8   Code   RO         2622    i.drawCircle        display.o
    0x0800f1c0   0x0000001e   Code   RO         2625    i.drawCircleXY      display.o
    0x0800f1de   0x00000002   PAD
    0x0800f1e0   0x000001a4   Code   RO         4145    i.drawDiamondCircle  model_techo_electp.o
    0x0800f384   0x000000a8   Code   RO         2626    i.drawLine          display.o
    0x0800f42c   0x00000154   Code   RO         2627    i.drawLineRGB       display.o
    0x0800f580   0x00000140   Code   RO         2628    i.drawLineRGBW      display.o
    0x0800f6c0   0x0000002e   Code   RO         2629    i.drawLineXY        display.o
    0x0800f6ee   0x000001c2   Code   RO         4058    i.drawTrangle       model_techo_trance.o
    0x0800f8b0   0x000001c2   Code   RO         4146    i.drawTrangle       model_techo_electp.o
    0x0800fa72   0x000001c2   Code   RO         4250    i.drawTrangle       model_techo_deephouse.o
    0x0800fc34   0x00000018   Code   RO         3109    i.end               model_normal.o
    0x0800fc4c   0x00000002   Code   RO         3192    i.end               model_normal_soft.o
    0x0800fc4e   0x00000002   Code   RO         3261    i.end               model_normal_romatic.o
    0x0800fc50   0x00000002   Code   RO         3343    i.end               model_normal_breath.o
    0x0800fc52   0x00000002   Code   RO         3399    i.end               model_normal_heartbeat.o
    0x0800fc54   0x00000018   Code   RO         3451    i.end               model_ktv.o
    0x0800fc6c   0x00000002   Code   RO         3544    i.end               model_ktv_soft.o
    0x0800fc6e   0x00000002   Code   RO         3646    i.end               model_ktv_romatic.o
    0x0800fc70   0x00000002   Code   RO         3739    i.end               model_ktv_rythem.o
    0x0800fc72   0x00000002   Code   RO         3809    i.end               model_ktv_dynamic.o
    0x0800fc74   0x00000018   Code   RO         3878    i.end               model_techo.o
    0x0800fc8c   0x00000002   Code   RO         3964    i.end               model_techo_dubstep.o
    0x0800fc8e   0x00000002   Code   RO         4059    i.end               model_techo_trance.o
    0x0800fc90   0x00000002   Code   RO         4147    i.end               model_techo_electp.o
    0x0800fc92   0x00000002   Code   RO         4251    i.end               model_techo_deephouse.o
    0x0800fc94   0x00000028   Code   RO         2090    i.endTimer          hal_time.o
    0x0800fcbc   0x000001f8   Code   RO        14568    i.etharp_arp_input  etharp.o
    0x0800feb4   0x00000038   Code   RO        14569    i.etharp_cleanup_netif  etharp.o
    0x0800feec   0x000002f8   Code   RO        14571    i.etharp_find_entry  etharp.o
    0x080101e4   0x00000078   Code   RO        14572    i.etharp_free_entry  etharp.o
    0x0801025c   0x00000210   Code   RO        14573    i.etharp_output     etharp.o
    0x0801046c   0x0000011c   Code   RO        14574    i.etharp_output_to_arp_index  etharp.o
    0x08010588   0x00000280   Code   RO        14575    i.etharp_query      etharp.o
    0x08010808   0x000001a4   Code   RO        14576    i.etharp_raw        etharp.o
    0x080109ac   0x00000030   Code   RO        14577    i.etharp_request    etharp.o
    0x080109dc   0x000000b8   Code   RO        14578    i.etharp_send_ip    etharp.o
    0x08010a94   0x00000094   Code   RO        14579    i.etharp_tmr        etharp.o
    0x08010b28   0x00000160   Code   RO        14580    i.etharp_update_arp_entry  etharp.o
    0x08010c88   0x0000014c   Code   RO        14581    i.ethernet_input    etharp.o
    0x08010dd4   0x000000c4   Code   RO        14664    i.ethernetif_init   ethernetif.o
    0x08010e98   0x00000058   Code   RO        14665    i.ethernetif_input  ethernetif.o
    0x08010ef0   0x00000df8   Code   RO         3262    i.floorDisplay      model_normal_romatic.o
    0x08011ce8   0x00000024   Code   RO          932    i.fputc             bsp_debug_usart.o
    0x08011d0c   0x00000050   Code   RO        15159    i.free              mc_w.l(malloc.o)
    0x08011d5c   0x00000010   Code   RO         2846    i.getArrayIndex     dmxout.o
    0x08011d6c   0x00000028   Code   RO         2992    i.getClearMem       artmem.o
    0x08011d94   0x0000000c   Code   RO         2847    i.getDiamondHead    dmxout.o
    0x08011da0   0x0000000c   Code   RO         4502    i.getFirst          ilist.o
    0x08011dac   0x0000000c   Code   RO         2848    i.getFloorHead      dmxout.o
    0x08011db8   0x00000018   Code   RO         2993    i.getFreePercent    artmem.o
    0x08011dd0   0x0000000c   Code   RO         2994    i.getFreeSize       artmem.o
    0x08011ddc   0x0000000c   Code   RO            6    i.getIPAddress      netconf.o
    0x08011de8   0x0000000c   Code   RO         4503    i.getLast           ilist.o
    0x08011df4   0x00000020   Code   RO         4757    i.getMax            mathbase.o
    0x08011e14   0x000000c4   Code   RO         2995    i.getMem            artmem.o
    0x08011ed8   0x0000000c   Code   RO         2996    i.getMemSize        artmem.o
    0x08011ee4   0x00000028   Code   RO         3452    i.getModelKTV       model_ktv.o
    0x08011f0c   0x00000014   Code   RO         3453    i.getModelKTVName   model_ktv.o
    0x08011f20   0x00000008   Code   RO         3810    i.getModelKTV_Dynamic  model_ktv_dynamic.o
    0x08011f28   0x00000008   Code   RO         3647    i.getModelKTV_Romatic  model_ktv_romatic.o
    0x08011f30   0x00000008   Code   RO         3740    i.getModelKTV_Rythem  model_ktv_rythem.o
    0x08011f38   0x00000008   Code   RO         3545    i.getModelKTV_Soft  model_ktv_soft.o
    0x08011f40   0x00000040   Code   RO         3110    i.getModelNormal    model_normal.o
    0x08011f80   0x00000014   Code   RO         3111    i.getModelNormalName  model_normal.o
    0x08011f94   0x00000008   Code   RO         3344    i.getModelNormal_Breath  model_normal_breath.o
    0x08011f9c   0x00000008   Code   RO         3400    i.getModelNormal_HeartBeat  model_normal_heartbeat.o
    0x08011fa4   0x00000008   Code   RO         3263    i.getModelNormal_Romatic  model_normal_romatic.o
    0x08011fac   0x00000008   Code   RO         3193    i.getModelNormal_Soft  model_normal_soft.o
    0x08011fb4   0x00000028   Code   RO         3879    i.getModelTecho     model_techo.o
    0x08011fdc   0x00000014   Code   RO         3880    i.getModelTechoName  model_techo.o
    0x08011ff0   0x00000008   Code   RO         4252    i.getModelTecho_DeepHouse  model_techo_deephouse.o
    0x08011ff8   0x00000008   Code   RO         3965    i.getModelTecho_DubStep  model_techo_dubstep.o
    0x08012000   0x00000008   Code   RO         4148    i.getModelTecho_Electp  model_techo_electp.o
    0x08012008   0x00000008   Code   RO         4060    i.getModelTecho_Trance  model_techo_trance.o
    0x08012010   0x0000000c   Code   RO         2849    i.getNodeListHead   dmxout.o
    0x0801201c   0x00000018   Code   RO         2850    i.getNodeListIndex  dmxout.o
    0x08012034   0x0000002c   Code   RO         4504    i.getNumber         ilist.o
    0x08012060   0x00000024   Code   RO         4505    i.getObject         ilist.o
    0x08012084   0x0000023c   Code   RO         2851    i.getPixelLine      dmxout.o
    0x080122c0   0x00000010   Code   RO         4706    i.getSinValue       sintable.o
    0x080122d0   0x0000000c   Code   RO         4506    i.getSize           ilist.o
    0x080122dc   0x00000008   Code   RO         2091    i.getTimerHandle    hal_time.o
    0x080122e4   0x00000012   Code   RO         2997    i.getUsedPercent    artmem.o
    0x080122f6   0x00000012   Code   RO        13006    i.icmp_dest_unreach  icmp.o
    0x08012308   0x0000033c   Code   RO        13007    i.icmp_input        icmp.o
    0x08012644   0x00000128   Code   RO        13008    i.icmp_send_response  icmp.o
    0x0801276c   0x00000014   Code   RO        13067    i.inet_chksum       inet_chksum.o
    0x08012780   0x00000056   Code   RO        13068    i.inet_chksum_pbuf  inet_chksum.o
    0x080127d6   0x00000002   PAD
    0x080127d8   0x00000010   Code   RO         3113    i.init              model_normal.o
    0x080127e8   0x000000e0   Code   RO         3194    i.init              model_normal_soft.o
    0x080128c8   0x000001e0   Code   RO         3264    i.init              model_normal_romatic.o
    0x08012aa8   0x00000040   Code   RO         3345    i.init              model_normal_breath.o
    0x08012ae8   0x00000014   Code   RO         3401    i.init              model_normal_heartbeat.o
    0x08012afc   0x00000010   Code   RO         3455    i.init              model_ktv.o
    0x08012b0c   0x00000002   Code   RO         3546    i.init              model_ktv_soft.o
    0x08012b0e   0x00000002   PAD
    0x08012b10   0x00000048   Code   RO         3648    i.init              model_ktv_romatic.o
    0x08012b58   0x00000002   Code   RO         3741    i.init              model_ktv_rythem.o
    0x08012b5a   0x00000002   PAD
    0x08012b5c   0x00000034   Code   RO         3811    i.init              model_ktv_dynamic.o
    0x08012b90   0x00000010   Code   RO         3882    i.init              model_techo.o
    0x08012ba0   0x00000002   Code   RO         3966    i.init              model_techo_dubstep.o
    0x08012ba2   0x00000002   Code   RO         4061    i.init              model_techo_trance.o
    0x08012ba4   0x0000007c   Code   RO         4149    i.init              model_techo_electp.o
    0x08012c20   0x00000174   Code   RO         4253    i.init              model_techo_deephouse.o
    0x08012d94   0x00000016   Code   RO          758    i.initApp           app.o
    0x08012daa   0x00000002   PAD
    0x08012dac   0x0000002c   Code   RO         2539    i.initArtDmx        artdmx.o
    0x08012dd8   0x000000f4   Code   RO          547    i.initArtNet        artnet.o
    0x08012ecc   0x000000b4   Code   RO         2852    i.initArtNetConfig  dmxout.o
    0x08012f80   0x00000018   Code   RO         4645    i.initKeyBoard      keyboard.o
    0x08012f98   0x00000020   Code   RO         4585    i.initListTimerServer  timerserver.o
    0x08012fb8   0x0000004a   Code   RO         2998    i.initMem           artmem.o
    0x08013002   0x00000002   PAD
    0x08013004   0x00000020   Code   RO         3066    i.initModel         model.o
    0x08013024   0x00000054   Code   RO         3456    i.initModelKTV      model_ktv.o
    0x08013078   0x00000058   Code   RO         3114    i.initModelNormal   model_normal.o
    0x080130d0   0x00000054   Code   RO         3883    i.initModelTecho    model_techo.o
    0x08013124   0x0000002a   Code   RO         1985    i.initNVICBSP       bsp_time.o
    0x0801314e   0x0000002a   Code   RO         2092    i.initNVICBSP       hal_time.o
    0x08013178   0x0000008c   Code   RO          836    i.initNetworkDHCP   networkdhcp.o
    0x08013204   0x00000088   Code   RO         4350    i.initServer        server.o
    0x0801328c   0x00000002   Code   RO         4708    i.initSinTable      sintable.o
    0x0801328e   0x00000002   PAD
    0x08013290   0x000000ac   Code   RO         2426    i.initSound         bsp_sound.o
    0x0801333c   0x00000040   Code   RO         1986    i.initTimeBSP       bsp_time.o
    0x0801337c   0x00000054   Code   RO         1987    i.initTimeUp        bsp_time.o
    0x080133d0   0x00000038   Code   RO         2093    i.initTimer         hal_time.o
    0x08013408   0x00000038   Code   RO         2094    i.initTimerBSP      hal_time.o
    0x08013440   0x00000038   Code   RO         4351    i.initUDPNetwork    server.o
    0x08013478   0x0000001e   Code   RO         4507    i.insertObject      ilist.o
    0x08013496   0x0000004e   Code   RO        13171    i.ip4_addr_isbroadcast  ip_addr.o
    0x080134e4   0x00000244   Code   RO        13224    i.ip_frag           ip_frag.o
    0x08013728   0x0000000a   Code   RO        13225    i.ip_frag_alloc_pbuf_custom_ref  ip_frag.o
    0x08013732   0x00000002   PAD
    0x08013734   0x00000094   Code   RO        13226    i.ip_frag_free_pbuf_custom_ref  ip_frag.o
    0x080137c8   0x000001f4   Code   RO        13102    i.ip_input          ip.o
    0x080139bc   0x000000bc   Code   RO        13103    i.ip_output         ip.o
    0x08013a78   0x00000198   Code   RO        13104    i.ip_output_if      ip.o
    0x08013c10   0x00000058   Code   RO        13105    i.ip_route          ip.o
    0x08013c68   0x000000c4   Code   RO        13227    i.ipfrag_free_pbuf_custom  ip_frag.o
    0x08013d2c   0x00000018   Code   RO         3115    i.isEnd             model_normal.o
    0x08013d44   0x00000006   Code   RO         3195    i.isEnd             model_normal_soft.o
    0x08013d4a   0x00000006   Code   RO         3265    i.isEnd             model_normal_romatic.o
    0x08013d50   0x00000006   Code   RO         3346    i.isEnd             model_normal_breath.o
    0x08013d56   0x00000006   Code   RO         3402    i.isEnd             model_normal_heartbeat.o
    0x08013d5c   0x00000018   Code   RO         3457    i.isEnd             model_ktv.o
    0x08013d74   0x00000006   Code   RO         3547    i.isEnd             model_ktv_soft.o
    0x08013d7a   0x00000006   Code   RO         3649    i.isEnd             model_ktv_romatic.o
    0x08013d80   0x00000006   Code   RO         3742    i.isEnd             model_ktv_rythem.o
    0x08013d86   0x00000006   Code   RO         3812    i.isEnd             model_ktv_dynamic.o
    0x08013d8c   0x00000018   Code   RO         3884    i.isEnd             model_techo.o
    0x08013da4   0x00000006   Code   RO         3967    i.isEnd             model_techo_dubstep.o
    0x08013daa   0x00000006   Code   RO         4062    i.isEnd             model_techo_trance.o
    0x08013db0   0x00000006   Code   RO         4150    i.isEnd             model_techo_electp.o
    0x08013db6   0x00000006   Code   RO         4254    i.isEnd             model_techo_deephouse.o
    0x08013dbc   0x00000034   Code   RO          548    i.keyListener       artnet.o
    0x08013df0   0x000000c4   Code   RO         4646    i.keyboardListener  keyboard.o
    0x08013eb4   0x000000c0   Code   RO        14666    i.low_level_init    ethernetif.o
    0x08013f74   0x000000f0   Code   RO        14667    i.low_level_input   ethernetif.o
    0x08014064   0x000000bc   Code   RO        14668    i.low_level_output  ethernetif.o
    0x08014120   0x0000001a   Code   RO        13251    i.lwip_htonl        def.o
    0x0801413a   0x0000000c   Code   RO        13252    i.lwip_htons        def.o
    0x08014146   0x00000024   Code   RO        13489    i.lwip_init         init.o
    0x0801416a   0x0000000c   Code   RO        13253    i.lwip_ntohl        def.o
    0x08014176   0x0000000c   Code   RO        13254    i.lwip_ntohs        def.o
    0x08014182   0x00000002   Code   RO        12701    i.lwip_socket_init  sockets.o
    0x08014184   0x0000005e   Code   RO        13071    i.lwip_standard_chksum  inet_chksum.o
    0x080141e2   0x00000002   PAD
    0x080141e4   0x00000088   Code   RO          364    i.main              main.o
    0x0801426c   0x0000006c   Code   RO        15160    i.malloc            mc_w.l(malloc.o)
    0x080142d8   0x00000170   Code   RO        13545    i.mem_free          mem.o
    0x08014448   0x000000f8   Code   RO        13546    i.mem_init          mem.o
    0x08014540   0x00000288   Code   RO        13547    i.mem_malloc        mem.o
    0x080147c8   0x000001e8   Code   RO        13548    i.mem_trim          mem.o
    0x080149b0   0x000000c8   Code   RO        13605    i.memp_free         memp.o
    0x08014a78   0x00000064   Code   RO        13606    i.memp_init         memp.o
    0x08014adc   0x00000134   Code   RO        13607    i.memp_malloc       memp.o
    0x08014c10   0x00000160   Code   RO         2635    i.moveLine          display.o
    0x08014d70   0x000000e8   Code   RO         2636    i.moveLineRGB       display.o
    0x08014e58   0x00000110   Code   RO        13680    i.netif_add         netif.o
    0x08014f68   0x00000002   Code   RO        13682    i.netif_init        netif.o
    0x08014f6a   0x00000028   Code   RO        13684    i.netif_set_addr    netif.o
    0x08014f92   0x00000002   PAD
    0x08014f94   0x00000010   Code   RO        13685    i.netif_set_default  netif.o
    0x08014fa4   0x0000002a   Code   RO        13686    i.netif_set_down    netif.o
    0x08014fce   0x00000010   Code   RO        13687    i.netif_set_gw      netif.o
    0x08014fde   0x00000002   PAD
    0x08014fe0   0x00000084   Code   RO        13688    i.netif_set_ipaddr  netif.o
    0x08015064   0x00000006   Code   RO        13689    i.netif_set_link_callback  netif.o
    0x0801506a   0x00000010   Code   RO        13692    i.netif_set_netmask  netif.o
    0x0801507a   0x00000036   Code   RO        13693    i.netif_set_up      netif.o
    0x080150b0   0x0000008c   Code   RO         2495    i.oldArtDevice      artcontrol.o
    0x0801513c   0x00000424   Code   RO        13783    i.pbuf_alloc        pbuf.o
    0x08015560   0x00000110   Code   RO        13784    i.pbuf_alloced_custom  pbuf.o
    0x08015670   0x00000178   Code   RO        13785    i.pbuf_cat          pbuf.o
    0x080157e8   0x0000001a   Code   RO        13786    i.pbuf_chain        pbuf.o
    0x08015802   0x00000012   Code   RO        13787    i.pbuf_clen         pbuf.o
    0x08015814   0x00000270   Code   RO        13789    i.pbuf_copy         pbuf.o
    0x08015a84   0x00000150   Code   RO        13790    i.pbuf_copy_partial  pbuf.o
    0x08015bd4   0x000001cc   Code   RO        13792    i.pbuf_free         pbuf.o
    0x08015da0   0x00000188   Code   RO        13794    i.pbuf_header       pbuf.o
    0x08015f28   0x000001d0   Code   RO        13797    i.pbuf_realloc      pbuf.o
    0x080160f8   0x0000001a   Code   RO        13798    i.pbuf_ref          pbuf.o
    0x08016112   0x00000002   PAD
    0x08016114   0x000001bc   Code   RO        13549    i.plug_holes        mem.o
    0x080162d0   0x000000bc   Code   RO         2999    i.putMem            artmem.o
    0x0801638c   0x00000074   Code   RO        13915    i.raw_input         raw.o
    0x08016400   0x00000048   Code   RO         2853    i.registerNodeList  dmxout.o
    0x08016448   0x0000005c   Code   RO         4508    i.removeNumber      ilist.o
    0x080164a4   0x00000010   Code   RO         4509    i.removeObject      ilist.o
    0x080164b4   0x00000018   Code   RO         3116    i.run               model_normal.o
    0x080164cc   0x0000025c   Code   RO         3196    i.run               model_normal_soft.o
    0x08016728   0x00000384   Code   RO         3266    i.run               model_normal_romatic.o
    0x08016aac   0x00000174   Code   RO         3347    i.run               model_normal_breath.o
    0x08016c20   0x000001a4   Code   RO         3403    i.run               model_normal_heartbeat.o
    0x08016dc4   0x00000018   Code   RO         3458    i.run               model_ktv.o
    0x08016ddc   0x000000d4   Code   RO         3548    i.run               model_ktv_soft.o
    0x08016eb0   0x00000154   Code   RO         3650    i.run               model_ktv_romatic.o
    0x08017004   0x00000380   Code   RO         3743    i.run               model_ktv_rythem.o
    0x08017384   0x0000004e   Code   RO         3813    i.run               model_ktv_dynamic.o
    0x080173d2   0x00000002   PAD
    0x080173d4   0x00000018   Code   RO         3885    i.run               model_techo.o
    0x080173ec   0x00000128   Code   RO         3968    i.run               model_techo_dubstep.o
    0x08017514   0x00000128   Code   RO         4063    i.run               model_techo_trance.o
    0x0801763c   0x000001f4   Code   RO         4151    i.run               model_techo_electp.o
    0x08017830   0x000001f4   Code   RO         4255    i.run               model_techo_deephouse.o
    0x08017a24   0x000002dc   Code   RO          549    i.runArtNet         artnet.o
    0x08017d00   0x000001c8   Code   RO          550    i.runArtNetStatus   artnet.o
    0x08017ec8   0x00000020   Code   RO         3067    i.runModel          model.o
    0x08017ee8   0x00000058   Code   RO         4353    i.runServer         server.o
    0x08017f40   0x0000018c   Code   RO         2427    i.runSound          bsp_sound.o
    0x080180cc   0x00000088   Code   RO         3744    i.runSoundCB        model_ktv_rythem.o
    0x08018154   0x00000002   Code   RO         3814    i.runSoundCB        model_ktv_dynamic.o
    0x08018156   0x00000002   PAD
    0x08018158   0x0000008c   Code   RO         3969    i.runSoundCB        model_techo_dubstep.o
    0x080181e4   0x0000008c   Code   RO         4064    i.runSoundCB        model_techo_trance.o
    0x08018270   0x00000040   Code   RO         4152    i.runSoundCB        model_techo_electp.o
    0x080182b0   0x00000040   Code   RO         4256    i.runSoundCB        model_techo_deephouse.o
    0x080182f0   0x0000006c   Code   RO         1989    i.runTick           bsp_time.o
    0x0801835c   0x00000040   Code   RO         4586    i.runTimerServer    timerserver.o
    0x0801839c   0x00000038   Code   RO         2496    i.searchArtDevice   artcontrol.o
    0x080183d4   0x00000038   Code   RO         2497    i.searchDeviceReply  artcontrol.o
    0x0801840c   0x00000094   Code   RO         4354    i.semServer         server.o
    0x080184a0   0x000000b8   Code   RO          551    i.sendArtNetDMX     artnet.o
    0x08018558   0x00000020   Code   RO         3068    i.setCurrentData    model.o
    0x08018578   0x0000000c   Code   RO         4647    i.setKeyListener    keyboard.o
    0x08018584   0x00000050   Code   RO         2854    i.setLightTypeEnable  dmxout.o
    0x080185d4   0x000000dc   Code   RO         3069    i.setModelType      model.o
    0x080186b0   0x0000000c   Code   RO         2646    i.setPaint          display.o
    0x080186bc   0x0000023c   Code   RO         2855    i.setPixelLine      dmxout.o
    0x080188f8   0x00000048   Code   RO         2428    i.setSound          bsp_sound.o
    0x08018940   0x0000000c   Code   RO         2429    i.setSoundCB        bsp_sound.o
    0x0801894c   0x00000010   Code   RO         3117    i.setUp             model_normal.o
    0x0801895c   0x00000048   Code   RO         3197    i.setUp             model_normal_soft.o
    0x080189a4   0x00000094   Code   RO         3267    i.setUp             model_normal_romatic.o
    0x08018a38   0x0000004c   Code   RO         3348    i.setUp             model_normal_breath.o
    0x08018a84   0x00000068   Code   RO         3404    i.setUp             model_normal_heartbeat.o
    0x08018aec   0x00000010   Code   RO         3459    i.setUp             model_ktv.o
    0x08018afc   0x0000010c   Code   RO         3550    i.setUp             model_ktv_soft.o
    0x08018c08   0x00000054   Code   RO         3651    i.setUp             model_ktv_romatic.o
    0x08018c5c   0x0000010c   Code   RO         3745    i.setUp             model_ktv_rythem.o
    0x08018d68   0x00000058   Code   RO         3815    i.setUp             model_ktv_dynamic.o
    0x08018dc0   0x00000010   Code   RO         3886    i.setUp             model_techo.o
    0x08018dd0   0x000000ac   Code   RO         3970    i.setUp             model_techo_dubstep.o
    0x08018e7c   0x00000114   Code   RO         4065    i.setUp             model_techo_trance.o
    0x08018f90   0x000000c8   Code   RO         4153    i.setUp             model_techo_electp.o
    0x08019058   0x000000e4   Code   RO         4257    i.setUp             model_techo_deephouse.o
    0x0801913c   0x0000000c   Code   RO          933    i.setUsartListener  bsp_debug_usart.o
    0x08019148   0x0000000c   Code   RO         1990    i.setmsTick         bsp_time.o
    0x08019154   0x00000018   Code   RO         3118    i.setting           model_normal.o
    0x0801916c   0x00000040   Code   RO         3198    i.setting           model_normal_soft.o
    0x080191ac   0x00000002   Code   RO         3268    i.setting           model_normal_romatic.o
    0x080191ae   0x00000002   Code   RO         3349    i.setting           model_normal_breath.o
    0x080191b0   0x00000002   Code   RO         3405    i.setting           model_normal_heartbeat.o
    0x080191b2   0x00000002   PAD
    0x080191b4   0x00000018   Code   RO         3460    i.setting           model_ktv.o
    0x080191cc   0x00000002   Code   RO         3551    i.setting           model_ktv_soft.o
    0x080191ce   0x00000002   Code   RO         3652    i.setting           model_ktv_romatic.o
    0x080191d0   0x00000002   Code   RO         3746    i.setting           model_ktv_rythem.o
    0x080191d2   0x00000002   Code   RO         3816    i.setting           model_ktv_dynamic.o
    0x080191d4   0x00000018   Code   RO         3887    i.setting           model_techo.o
    0x080191ec   0x00000018   Code   RO         3971    i.setting           model_techo_dubstep.o
    0x08019204   0x00000018   Code   RO         4066    i.setting           model_techo_trance.o
    0x0801921c   0x00000018   Code   RO         4154    i.setting           model_techo_electp.o
    0x08019234   0x00000018   Code   RO         4258    i.setting           model_techo_deephouse.o
    0x0801924c   0x000000a0   Code   RO        14862    i.sin               m_ws.l(sin.o)
    0x080192ec   0x00000038   Code   RO         4587    i.sortTimerServer   timerserver.o
    0x08019324   0x0000004c   Code   RO        14870    i.sqrt              m_ws.l(sqrt.o)
    0x08019370   0x00000074   Code   RO         2095    i.startTimer        hal_time.o
    0x080193e4   0x00000068   Code   RO         2096    i.startTimerSec     hal_time.o
    0x0801944c   0x0000004e   Code   RO        14719    i.sys_arch_mbox_fetch  sys_arch.o
    0x0801949a   0x0000001a   Code   RO        14720    i.sys_arch_protect  sys_arch.o
    0x080194b4   0x00000042   Code   RO        14721    i.sys_arch_sem_wait  sys_arch.o
    0x080194f6   0x0000001a   Code   RO        14722    i.sys_arch_unprotect  sys_arch.o
    0x08019510   0x000000e0   Code   RO        14723    i.sys_init          sys_arch.o
    0x080195f0   0x000000b4   Code   RO        14725    i.sys_mbox_new      sys_arch.o
    0x080196a4   0x00000030   Code   RO        14728    i.sys_mbox_trypost  sys_arch.o
    0x080196d4   0x00000024   Code   RO        14729    i.sys_mbox_valid    sys_arch.o
    0x080196f8   0x000000bc   Code   RO        14732    i.sys_sem_new       sys_arch.o
    0x080197b4   0x00000098   Code   RO        14734    i.sys_sem_signal    sys_arch.o
    0x0801984c   0x00000248   Code   RO        14736    i.sys_thread_new    sys_arch.o
    0x08019a94   0x0000014c   Code   RO        14380    i.sys_timeout       timers.o
    0x08019be0   0x00000034   Code   RO        14381    i.sys_timeouts_init  timers.o
    0x08019c14   0x00000088   Code   RO        14382    i.sys_timeouts_mbox_fetch  timers.o
    0x08019c9c   0x00000060   Code   RO        14383    i.sys_untimeout     timers.o
    0x08019cfc   0x0000013c   Code   RO        13999    i.tcp_abandon       tcp.o
    0x08019e38   0x0000000e   Code   RO        14000    i.tcp_abort         tcp.o
    0x08019e46   0x00000002   PAD
    0x08019e48   0x000000c4   Code   RO        14003    i.tcp_alloc         tcp.o
    0x08019f0c   0x0000001c   Code   RO        14006    i.tcp_close         tcp.o
    0x08019f28   0x00000254   Code   RO        14007    i.tcp_close_shutdown  tcp.o
    0x0801a17c   0x000000b8   Code   RO        14276    i.tcp_create_segment  tcp_out.o
    0x0801a234   0x0000002e   Code   RO        14010    i.tcp_eff_send_mss  tcp.o
    0x0801a262   0x00000002   PAD
    0x0801a264   0x000002ac   Code   RO        14277    i.tcp_enqueue_flags  tcp_out.o
    0x0801a510   0x00000080   Code   RO        14012    i.tcp_fasttmr       tcp.o
    0x0801a590   0x00000002   Code   RO        14013    i.tcp_init          tcp.o
    0x0801a592   0x00000002   PAD
    0x0801a594   0x000006c0   Code   RO        14228    i.tcp_input         tcp_in.o
    0x0801ac54   0x00000054   Code   RO        14278    i.tcp_keepalive     tcp_out.o
    0x0801aca8   0x00000058   Code   RO        14014    i.tcp_kill_prio     tcp.o
    0x0801ad00   0x00000040   Code   RO        14015    i.tcp_kill_timewait  tcp.o
    0x0801ad40   0x00000154   Code   RO        14229    i.tcp_listen_input  tcp_in.o
    0x0801ae94   0x0000001c   Code   RO        14019    i.tcp_next_iss      tcp.o
    0x0801aeb0   0x0000028c   Code   RO        14279    i.tcp_output        tcp_out.o
    0x0801b13c   0x00000120   Code   RO        14280    i.tcp_output_alloc_header  tcp_out.o
    0x0801b25c   0x000000d8   Code   RO        14281    i.tcp_output_segment  tcp_out.o
    0x0801b334   0x000000d0   Code   RO        14230    i.tcp_parseopt      tcp_in.o
    0x0801b404   0x00000160   Code   RO        14020    i.tcp_pcb_purge     tcp.o
    0x0801b564   0x00000148   Code   RO        14021    i.tcp_pcb_remove    tcp.o
    0x0801b6ac   0x0000069c   Code   RO        14231    i.tcp_process       tcp_in.o
    0x0801bd48   0x00000094   Code   RO        14023    i.tcp_process_refused_data  tcp.o
    0x0801bddc   0x0000092c   Code   RO        14232    i.tcp_receive       tcp_in.o
    0x0801c708   0x0000002e   Code   RO        14025    i.tcp_recv_null     tcp.o
    0x0801c736   0x00000002   PAD
    0x0801c738   0x00000124   Code   RO        14026    i.tcp_recved        tcp.o
    0x0801c85c   0x0000005a   Code   RO        14283    i.tcp_rexmit        tcp_out.o
    0x0801c8b6   0x00000078   Code   RO        14284    i.tcp_rexmit_fast   tcp_out.o
    0x0801c92e   0x0000003a   Code   RO        14285    i.tcp_rexmit_rto    tcp_out.o
    0x0801c968   0x00000128   Code   RO        14286    i.tcp_rst           tcp_out.o
    0x0801ca90   0x0000001a   Code   RO        14027    i.tcp_seg_free      tcp.o
    0x0801caaa   0x00000018   Code   RO        14028    i.tcp_segs_free     tcp.o
    0x0801cac2   0x00000056   Code   RO        14287    i.tcp_send_empty_ack  tcp_out.o
    0x0801cb18   0x0000004a   Code   RO        14288    i.tcp_send_fin      tcp_out.o
    0x0801cb62   0x00000002   PAD
    0x0801cb64   0x000005fc   Code   RO        14032    i.tcp_slowtmr       tcp.o
    0x0801d160   0x00000038   Code   RO        14384    i.tcp_timer_needed  timers.o
    0x0801d198   0x000000ac   Code   RO        14233    i.tcp_timewait_input  tcp_in.o
    0x0801d244   0x00000024   Code   RO        14033    i.tcp_tmr           tcp.o
    0x0801d268   0x000000dc   Code   RO        14034    i.tcp_update_rcv_ann_wnd  tcp.o
    0x0801d344   0x000000b4   Code   RO        14291    i.tcp_zero_window_probe  tcp_out.o
    0x0801d3f8   0x000000dc   Code   RO        12880    i.tcpip_init        tcpip.o
    0x0801d4d4   0x0000004c   Code   RO        12881    i.tcpip_input       tcpip.o
    0x0801d520   0x00000038   Code   RO        14385    i.tcpip_tcp_timer   timers.o
    0x0801d558   0x0000016c   Code   RO        12882    i.tcpip_thread      tcpip.o
    0x0801d6c4   0x00000028   Code   RO          552    i.time1CB           artnet.o
    0x0801d6ec   0x00000028   Code   RO          553    i.time2CB           artnet.o
    0x0801d714   0x00000028   Code   RO          554    i.time3CB           artnet.o
    0x0801d73c   0x00000114   Code   RO        14474    i.udp_bind          udp.o
    0x0801d850   0x00000068   Code   RO        14475    i.udp_connect       udp.o
    0x0801d8b8   0x00000002   Code   RO        14477    i.udp_init          udp.o
    0x0801d8ba   0x00000002   PAD
    0x0801d8bc   0x0000028c   Code   RO        14478    i.udp_input         udp.o
    0x0801db48   0x0000001c   Code   RO        14479    i.udp_new           udp.o
    0x0801db64   0x00000058   Code   RO        14480    i.udp_new_port      udp.o
    0x0801dbbc   0x00000006   Code   RO        14481    i.udp_recv          udp.o
    0x0801dbc2   0x00000002   PAD
    0x0801dbc4   0x00000040   Code   RO        14482    i.udp_remove        udp.o
    0x0801dc04   0x00000036   Code   RO        14484    i.udp_sendto        udp.o
    0x0801dc3a   0x00000002   PAD
    0x0801dc3c   0x000001b0   Code   RO        14485    i.udp_sendto_if     udp.o
    0x0801ddec   0x0000004c   Code   RO         2228    i.wm8978_CfgAudioIF  bsp_wm8978.o
    0x0801de38   0x00000270   Code   RO         2229    i.wm8978_CfgAudioPath  bsp_wm8978.o
    0x0801e0a8   0x00000014   Code   RO         2231    i.wm8978_Init       bsp_wm8978.o
    0x0801e0bc   0x00000008   Code   RO         2234    i.wm8978_PowerDown  bsp_wm8978.o
    0x0801e0c4   0x00000010   Code   RO         2237    i.wm8978_ReadReg    bsp_wm8978.o
    0x0801e0d4   0x0000003c   Code   RO         2238    i.wm8978_Reset      bsp_wm8978.o
    0x0801e110   0x0000003c   Code   RO         2239    i.wm8978_SetLineGain  bsp_wm8978.o
    0x0801e14c   0x00000022   Code   RO         2241    i.wm8978_SetOUT1Volume  bsp_wm8978.o
    0x0801e16e   0x00000002   PAD
    0x0801e170   0x00000020   Code   RO         2243    i.wm8978_WriteReg   bsp_wm8978.o
    0x0801e190   0x0000000e   Data   RO          559    .constdata          artnet.o
    0x0801e19e   0x00000002   PAD
    0x0801e1a0   0x00000010   Data   RO         2097    .constdata          hal_time.o
    0x0801e1b0   0x00000074   Data   RO         2244    .constdata          bsp_wm8978.o
    0x0801e224   0x00000008   Data   RO         2431    .constdata          bsp_sound.o
    0x0801e22c   0x0000061c   Data   RO         2857    .constdata          dmxout.o
    0x0801e848   0x00000020   Data   RO         3000    .constdata          artmem.o
    0x0801e868   0x00000020   Data   RO         3120    .constdata          model_normal.o
    0x0801e888   0x00000020   Data   RO         3200    .constdata          model_normal_soft.o
    0x0801e8a8   0x0000009f   Data   RO         3270    .constdata          model_normal_romatic.o
    0x0801e947   0x00000001   PAD
    0x0801e948   0x00000020   Data   RO         3351    .constdata          model_normal_breath.o
    0x0801e968   0x00000020   Data   RO         3407    .constdata          model_normal_heartbeat.o
    0x0801e988   0x00000020   Data   RO         3462    .constdata          model_ktv.o
    0x0801e9a8   0x00000043   Data   RO         3552    .constdata          model_ktv_soft.o
    0x0801e9eb   0x00000001   PAD
    0x0801e9ec   0x00000020   Data   RO         3654    .constdata          model_ktv_romatic.o
    0x0801ea0c   0x00000020   Data   RO         3748    .constdata          model_ktv_rythem.o
    0x0801ea2c   0x00000020   Data   RO         3818    .constdata          model_ktv_dynamic.o
    0x0801ea4c   0x00000020   Data   RO         3889    .constdata          model_techo.o
    0x0801ea6c   0x00000030   Data   RO         3973    .constdata          model_techo_dubstep.o
    0x0801ea9c   0x00000030   Data   RO         4068    .constdata          model_techo_trance.o
    0x0801eacc   0x00000030   Data   RO         4156    .constdata          model_techo_electp.o
    0x0801eafc   0x0000004b   Data   RO         4260    .constdata          model_techo_deephouse.o
    0x0801eb47   0x00000001   PAD
    0x0801eb48   0x00000030   Data   RO         4510    .constdata          ilist.o
    0x0801eb78   0x00000008   Data   RO         4588    .constdata          timerserver.o
    0x0801eb80   0x00000200   Data   RO         4709    .constdata          sintable.o
    0x0801ed80   0x00000094   Data   RO        10916    .constdata          os_cfg_app.o
    0x0801ee14   0x0000016c   Data   RO        11163    .constdata          os_dbg.o
    0x0801ef80   0x00000008   Data   RO        13178    .constdata          ip_addr.o
    0x0801ef88   0x00000034   Data   RO        13609    .constdata          memp.o
    0x0801efbc   0x00000050   Data   RO        14035    .constdata          tcp.o
    0x0801f00c   0x0000000c   Data   RO        14583    .constdata          etharp.o
    0x0801f018   0x00000004   Data   RO        14738    .constdata          sys_arch.o
    0x0801f01c   0x00000004   PAD
    0x0801f020   0x00000030   Data   RO        15222    .constdata          m_ws.l(cos_i.o)
    0x0801f050   0x000000c8   Data   RO        15240    .constdata          m_ws.l(rred.o)
    0x0801f118   0x00000028   Data   RO        15244    .constdata          m_ws.l(sin_i.o)
    0x0801f140   0x0000011d   Data   RO         2858    .conststring        dmxout.o
    0x0801f25d   0x00000003   PAD
    0x0801f260   0x0000003f   Data   RO         3121    .conststring        model_normal.o
    0x0801f29f   0x00000001   PAD
    0x0801f2a0   0x0000002b   Data   RO         3463    .conststring        model_ktv.o
    0x0801f2cb   0x00000001   PAD
    0x0801f2cc   0x00000023   Data   RO         3890    .conststring        model_techo.o
    0x0801f2ef   0x00000001   PAD
    0x0801f2f0   0x0000008c   Data   RO        13316    .conststring        dhcp.o
    0x0801f37c   0x000000b9   Data   RO        14036    .conststring        tcp.o
    0x0801f435   0x00000003   PAD
    0x0801f438   0x00000055   Data   RO        14292    .conststring        tcp_out.o
    0x0801f48d   0x00000003   PAD
    0x0801f490   0x00000044   Data   RO        14584    .conststring        etharp.o
    0x0801f4d4   0x00000020   Data   RO        15302    Region$$Table       anon$$obj.o


    Execution Region RW_IRAM1 (Base: 0x20000000, Size: 0x0002d7c8, Max: 0x00030000, ABSOLUTE, COMPRESSED[0x00000144])

    Base Addr    Size         Type   Attr      Idx    E Section Name        Object

    0x20000000   0x00000005   Data   RW            8    .data               netconf.o
    0x20000005   0x00000003   PAD
    0x20000008   0x0000001c   Data   RW          560    .data               artnet.o
    0x20000024   0x00000004   Data   RW          934    .data               bsp_debug_usart.o
    0x20000028   0x00000010   Data   RW         1070    .data               stm32f429_eth.o
    0x20000038   0x00000006   Data   RW         1527    .data               stm32f429_phy.o
    0x2000003e   0x00000002   PAD
    0x20000040   0x00000018   Data   RW         1753    .data               bsp_sdio_sd.o
    0x20000058   0x0000001c   Data   RW         1992    .data               bsp_time.o
    0x20000074   0x0000000c   Data   RW         2098    .data               hal_time.o
    0x20000080   0x00000080   Data   RW         2245    .data               bsp_wm8978.o
    0x20000100   0x00000058   Data   RW         2432    .data               bsp_sound.o
    0x20000158   0x00000004   Data   RW         2498    .data               artcontrol.o
    0x2000015c   0x00000004   Data   RW         2648    .data               display.o
    0x20000160   0x00000010   Data   RW         2859    .data               dmxout.o
    0x20000170   0x0000000c   Data   RW         3071    .data               model.o
    0x2000017c   0x00000018   Data   RW         3122    .data               model_normal.o
    0x20000194   0x00000065   Data   RW         3201    .data               model_normal_soft.o
    0x200001f9   0x00000003   PAD
    0x200001fc   0x00000022   Data   RW         3271    .data               model_normal_romatic.o
    0x2000021e   0x0000000d   Data   RW         3352    .data               model_normal_breath.o
    0x2000022b   0x00000001   PAD
    0x2000022c   0x00000006   Data   RW         3408    .data               model_normal_heartbeat.o
    0x20000232   0x00000002   PAD
    0x20000234   0x00000018   Data   RW         3464    .data               model_ktv.o
    0x2000024c   0x00000049   Data   RW         3553    .data               model_ktv_soft.o
    0x20000295   0x00000003   PAD
    0x20000298   0x00000014   Data   RW         3655    .data               model_ktv_romatic.o
    0x200002ac   0x00000096   Data   RW         3749    .data               model_ktv_rythem.o
    0x20000342   0x0000000e   Data   RW         3819    .data               model_ktv_dynamic.o
    0x20000350   0x00000018   Data   RW         3891    .data               model_techo.o
    0x20000368   0x00000015   Data   RW         3974    .data               model_techo_dubstep.o
    0x2000037d   0x00000003   PAD
    0x20000380   0x00000016   Data   RW         4069    .data               model_techo_trance.o
    0x20000396   0x00000002   PAD
    0x20000398   0x00000016   Data   RW         4157    .data               model_techo_electp.o
    0x200003ae   0x00000002   PAD
    0x200003b0   0x00000016   Data   RW         4261    .data               model_techo_deephouse.o
    0x200003c6   0x00000002   PAD
    0x200003c8   0x000001e8   Data   RW         4358    .data               server.o
    0x200005b0   0x00000004   Data   RW         4589    .data               timerserver.o
    0x200005b4   0x0000000a   Data   RW         4649    .data               keyboard.o
    0x200005be   0x00000002   PAD
    0x200005c0   0x00000014   Data   RW         5190    .data               system_stm32f4xx.o
    0x200005d4   0x00000010   Data   RW         8073    .data               stm32f4xx_rcc.o
    0x200005e4   0x0000001c   Data   RW        10298    .data               cpu_core.o
    0x20000600   0x00000004   Data   RW        10550    .data               lib_math.o
    0x20000604   0x00000004   Data   RW        10611    .data               lib_mem.o
    0x20000608   0x00000004   Data   RW        11481    .data               os_prio.o
    0x2000060c   0x000000bc   Data   RW        12045    .data               os_var.o
    0x200006c8   0x00000004   Data   RW        12072    .data               os_cpu_c.o
    0x200006cc   0x00000008   Data   RW        12887    .data               tcpip.o
    0x200006d4   0x00000012   Data   RW        13106    .data               ip.o
    0x200006e6   0x00000002   PAD
    0x200006e8   0x00000004   Data   RW        13317    .data               dhcp.o
    0x200006ec   0x0000000c   Data   RW        13552    .data               mem.o
    0x200006f8   0x00000009   Data   RW        13694    .data               netif.o
    0x20000701   0x00000003   PAD
    0x20000704   0x00000004   Data   RW        13921    .data               raw.o
    0x20000708   0x00000024   Data   RW        14037    .data               tcp.o
    0x2000072c   0x00000020   Data   RW        14235    .data               tcp_in.o
    0x2000074c   0x00000008   Data   RW        14386    .data               timers.o
    0x20000754   0x00000008   Data   RW        14486    .data               udp.o
    0x2000075c   0x00000001   Data   RW        14585    .data               etharp.o
    0x2000075d   0x00000003   PAD
    0x20000760   0x00000004   Data   RW        14669    .data               ethernetif.o
    0x20000764   0x00000008   Data   RW        14739    .data               sys_arch.o
    0x2000076c   0x00000004   Data   RW        15263    .data               mc_w.l(stdout.o)
    0x20000770   0x00000004   Data   RW        15272    .data               mc_w.l(mvars.o)
    0x20000774   0x00000004   Data   RW        15273    .data               mc_w.l(mvars.o)
    0x20000778   0x00000004   Data   RW        15277    .data               mc_w.l(errno.o)
    0x2000077c   0x000000a8   Zero   RW            7    .bss                netconf.o
    0x20000824   0x000008c8   Zero   RW          366    .bss                main.o
    0x200010ec   0x00000b38   Zero   RW          558    .bss                artnet.o
    0x20001c24   0x000008c8   Zero   RW          837    .bss                networkdhcp.o
    0x200024ec   0x0000190c   Zero   RW         1069    .bss                stm32f429_eth.o
    0x20003df8   0x000000bc   Zero   RW         1526    .bss                stm32f429_phy.o
    0x20003eb4   0x00000cf0   Zero   RW         2430    .bss                bsp_sound.o
    0x20004ba4   0x0000000c   Zero   RW         2856    .bss                dmxout.o
    0x20004bb0   0x00001374   Zero   RW         3070    .bss                model.o
    0x20005f24   0x00000010   Zero   RW         3119    .bss                model_normal.o
    0x20005f34   0x00000042   Zero   RW         3199    .bss                model_normal_soft.o
    0x20005f76   0x00000002   PAD
    0x20005f78   0x000001d3   Zero   RW         3269    .bss                model_normal_romatic.o
    0x2000614b   0x00000009   Zero   RW         3350    .bss                model_normal_breath.o
    0x20006154   0x00000012   Zero   RW         3406    .bss                model_normal_heartbeat.o
    0x20006166   0x00000002   PAD
    0x20006168   0x00000010   Zero   RW         3461    .bss                model_ktv.o
    0x20006178   0x00000009   Zero   RW         3653    .bss                model_ktv_romatic.o
    0x20006181   0x00000009   Zero   RW         3747    .bss                model_ktv_rythem.o
    0x2000618a   0x00000009   Zero   RW         3817    .bss                model_ktv_dynamic.o
    0x20006193   0x00000001   PAD
    0x20006194   0x00000010   Zero   RW         3888    .bss                model_techo.o
    0x200061a4   0x00000009   Zero   RW         3972    .bss                model_techo_dubstep.o
    0x200061ad   0x00000009   Zero   RW         4067    .bss                model_techo_trance.o
    0x200061b6   0x00000002   PAD
    0x200061b8   0x00000078   Zero   RW         4155    .bss                model_techo_electp.o
    0x20006230   0x000001ab   Zero   RW         4259    .bss                model_techo_deephouse.o
    0x200063db   0x00000001   PAD
    0x200063dc   0x00001948   Zero   RW         4356    .bss                server.o
    0x20007d24   0x0000000c   Zero   RW         4648    .bss                keyboard.o
    0x20007d30   0x00000010   Zero   RW        10296    .bss                cpu_core.o
    0x20007d40   0x00000414   Zero   RW        10610    .bss                lib_mem.o
    0x20008154   0x000014b0   Zero   RW        10915    .bss                os_cfg_app.o
    0x20009604   0x000005a4   Zero   RW        12044    .bss                os_var.o
    0x20009ba8   0x00000030   Zero   RW        12886    .bss                tcpip.o
    0x20009bd8   0x00000032   Zero   RW        13315    .bss                dhcp.o
    0x20009c0a   0x00000002   PAD
    0x20009c0c   0x00000028   Zero   RW        13551    .bss                mem.o
    0x20009c34   0x0001b257   Zero   RW        13608    .bss                memp.o
    0x20024e8b   0x00000001   PAD
    0x20024e8c   0x00000014   Zero   RW        14234    .bss                tcp_in.o
    0x20024ea0   0x000000c8   Zero   RW        14582    .bss                etharp.o
    0x20024f68   0x00004660   Zero   RW        14737    .bss                sys_arch.o
    0x200295c8   0x00004000   Zero   RW         5178    HEAP                startup_stm32f429_439xx.o
    0x2002d5c8   0x00000200   Zero   RW         5177    STACK               startup_stm32f429_439xx.o



  Load Region LR$$.ARM.__AT_0xD0000000 (Base: 0xd0000000, Size: 0x00000000, Max: 0x00004e20, ABSOLUTE)

    Execution Region ER$$.ARM.__AT_0xD0000000 (Base: 0xd0000000, Size: 0x00004e20, Max: 0x00004e20, ABSOLUTE, UNINIT)

    Base Addr    Size         Type   Attr      Idx    E Section Name        Object

    0xd0000000   0x00004e20   Zero   RW          556    .ARM.__AT_0xD0000000  artnet.o



  Load Region LR$$.ARM.__AT_0xD0004E20 (Base: 0xd0004e20, Size: 0x00000000, Max: 0x000007d0, ABSOLUTE)

    Execution Region ER$$.ARM.__AT_0xD0004E20 (Base: 0xd0004e20, Size: 0x000007d0, Max: 0x000007d0, ABSOLUTE, UNINIT)

    Base Addr    Size         Type   Attr      Idx    E Section Name        Object

    0xd0004e20   0x000007d0   Zero   RW          557    .ARM.__AT_0xD0004E20  artnet.o



  Load Region LR$$.ARM.__AT_0xD0100000 (Base: 0xd0100000, Size: 0x00000000, Max: 0x00025350, ABSOLUTE)

    Execution Region ER$$.ARM.__AT_0xD0100000 (Base: 0xd0100000, Size: 0x00025350, Max: 0x00025350, ABSOLUTE, UNINIT)

    Base Addr    Size         Type   Attr      Idx    E Section Name        Object

    0xd0100000   0x00025350   Zero   RW         1067    .ARM.__AT_0xD0100000  stm32f429_eth.o



  Load Region LR$$.ARM.__AT_0xD0125350 (Base: 0xd0125350, Size: 0x00000000, Max: 0x00025350, ABSOLUTE)

    Execution Region ER$$.ARM.__AT_0xD0125350 (Base: 0xd0125350, Size: 0x00025350, Max: 0x00025350, ABSOLUTE, UNINIT)

    Base Addr    Size         Type   Attr      Idx    E Section Name        Object

    0xd0125350   0x00025350   Zero   RW         1068    .ARM.__AT_0xD0125350  stm32f429_eth.o



  Load Region LR$$.ARM.__AT_0xD0300000 (Base: 0xd0300000, Size: 0x00000000, Max: 0x0001901c, ABSOLUTE)

    Execution Region ER$$.ARM.__AT_0xD0300000 (Base: 0xd0300000, Size: 0x0001901c, Max: 0x0001901c, ABSOLUTE, UNINIT)

    Base Addr    Size         Type   Attr      Idx    E Section Name        Object

    0xd0300000   0x0001901c   Zero   RW        13550    .ARM.__AT_0xD0300000  mem.o


==============================================================================

Image component sizes


      Code (inc. data)   RO Data    RW Data    ZI Data      Debug   Object Name

         0          0          0          0          0       2648   api_lib.o
        22          0          0          0          0       9275   app.o
       364         18          0          4          0       3240   artcontrol.o
        44         10          0          0          0        525   artdmx.o
        56          8          0          0          0        646   artipprog.o
       564          0         32          0          0       6426   artmem.o
      1846        388         14         28      24872      19025   artnet.o
       168         18          0          0          0       1532   artrdm.o
       286         90          0          0          0       2659   bsp.o
       298         28          0          4          0       3084   bsp_debug_usart.o
        52          4          0          0          0        538   bsp_key.o
       112          4          0          0          0        574   bsp_led.o
       228         18          0         24          0      11740   bsp_sdio_sd.o
      1244         28          0          0          0       3077   bsp_sdram.o
      1060        240          8         88       3312       5680   bsp_sound.o
       358         56          0         28          0       4879   bsp_time.o
      2314        182        116        128          0      16415   bsp_wm8978.o
        52          0          0          0          0        320   cpu_a.o
        64         14          0          0          0       1000   cpu_bsp.o
       652        102          0         28         16      10373   cpu_core.o
        62          0          0          0          0       2188   def.o
      7588       2406        140          4         50      23148   dhcp.o
      3390         40          0          4          0      18368   display.o
      4094        112       1849         16         12      19013   dmxout.o
      4376       1432         80          1        200      14260   etharp.o
       932        182          0          4          0       5811   ethernetif.o
       478         60         16         12          0       5943   hal_time.o
      1142        472          0          0          0       8544   icmp.o
       442          0         48          0          0       8955   ilist.o
       200          0          0          0          0       2749   inet_chksum.o
        36          0          0          0          0        520   init.o
      1184        290          0         18          0      23872   ip.o
        78          0          8          0          0       7334   ip_addr.o
       934        364          0          0          0       3938   ip_frag.o
       232         36          0         10         12       2440   keyboard.o
        62          4          0          4          0       2134   lib_math.o
       288         24          0          4       1044      15249   lib_mem.o
        98          0          0          0          0       1937   lib_str.o
       268        116          0          0       2248      17498   main.o
        32          0          0          0          0        945   mathbase.o
      2196        970          0         12     102468       5537   mem.o
       608        344         52          0     111191       3610   memp.o
       140         24          0          0          0       1747   misc.o
       364         72          0         12       4980       5187   model.o
       288         62         75         24         16       5721   model_ktv.o
       500         46         32         14          9       5962   model_ktv_dynamic.o
       764         74         32         20          9       5777   model_ktv_romatic.o
      1330         74         32        150          9       6276   model_ktv_rythem.o
      1810        118         67         73          0      10225   model_ktv_soft.o
       316         62         95         24         16       5815   model_normal.o
       532         60         32         13          9       5071   model_normal_breath.o
       564         48         32          6         18       5206   model_normal_heartbeat.o
      5946        366        159         34        467      11723   model_normal_romatic.o
      1134         98         32        101         66       8065   model_normal_soft.o
       288         62         67         24         16       5765   model_techo.o
      3302        208         75         22        427      11402   model_techo_deephouse.o
      1488        172         48         21          9       8233   model_techo_dubstep.o
      2966        200         48         22        120      11751   model_techo_electp.o
      1954        190         48         22          9       8913   model_techo_trance.o
         0          0          0          0          0       3868   netbuf.o
       820        350          0          5        168     445133   netconf.o
       596        134          0          9          0       8917   netif.o
       140         62          0          0       2248       1210   networkdhcp.o
         2          0          0          0          0        469   os_app_hooks.o
         2          0        148          0       5296      20134   os_cfg_app.o
      2818        332          0          0          0      19955   os_core.o
       228          6          0          0          0        376   os_cpu_a.o
       468         32          0          4          0       7261   os_cpu_c.o
       428        280        364          0          0       4805   os_dbg.o
       732         26          0          0          0       3165   os_flag.o
      1172        202          0          0          0       3582   os_int.o
       388         30          0          0          0       3229   os_mem.o
       538         30          0          0          0       4102   os_msg.o
      1608         68          0          0          0       7319   os_mutex.o
       136         16          0          4          0       2926   os_prio.o
      1192         64          0          0          0       5635   os_q.o
      1188         62          0          0          0       5663   os_sem.o
      1736        212          0          0          0       4123   os_stat.o
      5344        252          0          0          0      14872   os_task.o
      1546        110          0          0          0       6067   os_tick.o
       712         36          0          0          0       2893   os_time.o
       568        142          0          0          0       3581   os_tmr.o
         0          0          0        188       1444      18703   os_var.o
      4054       1808          0          0          0      11902   pbuf.o
       116         14          0          4          0       1620   raw.o
       428        218          0        488       6472       5158   server.o
        18          4        512          0          0       1613   sintable.o
         2          0          0          0          0        479   sockets.o
        36          8        428          0      16896        932   startup_stm32f429_439xx.o
      2318        158          0         16     311212      51029   stm32f429_eth.o
       800         58          0          6        188      15861   stm32f429_phy.o
       782         72          0          0          0       8185   stm32f4xx_dma.o
       452         20          0          0          0       3791   stm32f4xx_fmc.o
       222          0          0          0          0       3179   stm32f4xx_gpio.o
       448         14          0          0          0       6642   stm32f4xx_i2c.o
        62         22          0          0          0       5355   stm32f4xx_it.o
       544         76          0         16          0       9378   stm32f4xx_rcc.o
        68         16          0          0          0       1832   stm32f4xx_sdio.o
       706         36          0          0          0       4326   stm32f4xx_spi.o
        12          6          0          0          0        622   stm32f4xx_syscfg.o
       156         28          0          0          0       2654   stm32f4xx_tim.o
       362          8          0          0          0       5079   stm32f4xx_usart.o
      1608        768          4          8      18016       9981   sys_arch.o
       380         34          0         20          0       2241   system_stm32f4xx.o
      4510       1424        265         36          0      25273   tcp.o
      6488       1196          0         32         20      17187   tcp_in.o
      3012        712         85          0          0      11487   tcp_out.o
       660        292          0          8         48      13422   tcpip.o
       824        232          0          8          0       7271   timers.o
       280         58          8          4          0       5843   timerserver.o
      1706        426          0          8          0      17289   udp.o

    ----------------------------------------------------------------------
    115720      20150       5104       1900     613624    1268107   Object Totals
         0          0         32          0          0          0   (incl. Generated)
       114          0         21         33         11          0   (incl. Padding)

    ----------------------------------------------------------------------

      Code (inc. data)   RO Data    RW Data    ZI Data      Debug   Library Member Name

       156          8          0          0          0        104   cos.o
       252         22         48          0          0        124   cos_i.o
        34          6          0          0          0        204   dunder.o
        40          0          0          0          0         68   fpclassify.o
       170          0          0          0          0         96   poly.o
       904         76        200          0          0        140   rred.o
       160         10          0          0          0        108   sin.o
       236         12         40          0          0        128   sin_i.o
        76          0          0          0          0         84   sqrt.o
        86          0          0          0          0          0   __dczerorl2.o
         0          0          0          0          0          0   entry.o
         0          0          0          0          0          0   entry10a.o
         0          0          0          0          0          0   entry11a.o
         8          4          0          0          0          0   entry2.o
         4          0          0          0          0          0   entry5.o
         0          0          0          0          0          0   entry7b.o
         0          0          0          0          0          0   entry8b.o
         8          4          0          0          0          0   entry9a.o
        12          6          0          4          0         68   errno.o
        30          0          0          0          0          0   handlers.o
        36          8          0          0          0         68   init.o
         0          0          0          0          0          0   iusefp.o
        30          0          0          0          0         68   llshl.o
        36          0          0          0          0         68   llsshr.o
        32          0          0          0          0         68   llushr.o
       188         20          0          0          0        160   malloc.o
        26          0          0          0          0         80   memcmp.o
        36          0          0          0          0         68   memcpya.o
        36          0          0          0          0        108   memseta.o
         0          0          0          8          0          0   mvars.o
      2258         90          0          0          0        452   printfa.o
         0          0          0          4          0          0   stdout.o
        28          0          0          0          0         76   strcmp.o
        18          0          0          0          0         68   strcpy.o
        44          0          0          0          0         80   uidiv.o
        98          0          0          0          0         92   uldiv.o
        48          0          0          0          0         68   cdrcmple.o
        20          0          0          0          0         68   cfrcmple.o
       334          0          0          0          0        148   dadd.o
       222          0          0          0          0        100   ddiv.o
       186          0          0          0          0        176   depilogue.o
        62          0          0          0          0         80   dfixi.o
        50          0          0          0          0         76   dfixui.o
        48          0          0          0          0         68   dfixul.o
        34          0          0          0          0         76   dflti.o
        26          0          0          0          0         76   dfltui.o
       228          0          0          0          0         96   dmul.o
        46          0          0          0          0         80   dscalb.o
       162          0          0          0          0        100   dsqrt.o
        38          0          0          0          0         68   f2d.o
       176          0          0          0          0        140   fadd.o
       124          0          0          0          0         88   fdiv.o
       110          0          0          0          0        168   fepilogue.o
        40          0          0          0          0         68   ffixui.o
        18          0          0          0          0         68   fflti.o
        10          0          0          0          0         68   ffltui.o
       100          0          0          0          0         76   fmul.o

    ----------------------------------------------------------------------
      7132        266        288         16          0       4536   Library Totals
         8          0          0          0          0          0   (incl. Padding)

    ----------------------------------------------------------------------

      Code (inc. data)   RO Data    RW Data    ZI Data      Debug   Library Name

      2028        134        288          0          0       1056   m_ws.l
      3014        132          0         16          0       1524   mc_w.l
      2082          0          0          0          0       1956   mf_w.l

    ----------------------------------------------------------------------
      7132        266        288         16          0       4536   Library Totals

    ----------------------------------------------------------------------

==============================================================================


      Code (inc. data)   RO Data    RW Data    ZI Data      Debug   

    122852      20416       5392       1916     613624    1232159   Grand Totals
    122852      20416       5392        324     613624    1232159   ELF Image Totals (compressed)
    122852      20416       5392        324          0          0   ROM Totals

==============================================================================

    Total RO  Size (Code + RO Data)               128244 ( 125.24kB)
    Total RW  Size (RW Data + ZI Data)            615540 ( 601.11kB)
    Total ROM Size (Code + RO Data + RW Data)     128568 ( 125.55kB)

==============================================================================

